Sender	Ort	Land	Bitrate	Aktualisierung	Adresse
106.4 TOP FM	Fürstenfeldbruck	Deutschland	128	14.10.16	http://mp3.topfm.c.nmdn.net/ps-topfm/livestream.mp3
14482 Babelsberg Hitradio	Potsdam	Deutschland	192	3.10.16	http://46.163.75.84:8000
1LIVE	Köln	Deutschland	128	9.10.16	http://1live.akacast.akamaistream.net/7/706/119434/v1/gnl.akacast.akamaistream.net/1live
1LIVE diggi	Köln	Deutschland	128	9.10.16	http://1live-diggi.akacast.akamaistream.net/7/965/119435/v1/gnl.akacast.akamaistream.net/1live-diggi
1LIVE Plan B	Köln	Deutschland	128	9.10.16	http://1live-plan-b.akacast.akamaistream.net/7/905/119448/v1/gnl.akacast.akamaistream.net/1live-plan-b
1LIVE DJ Session	Köln	Deutschland	128	9.10.16	http://1live-dj-session.akacast.akamaistream.net/7/679/119452/v1/gnl.akacast.akamaistream.net/1live-dj-session
1LIVE Neu für den Sektor	Köln	Deutschland	128	9.10.16	http://1live-sektor.akacast.akamaistream.net/7/551/119449/v1/gnl.akacast.akamaistream.net/1live-sektor
1LIVE HipHop	Köln	Deutschland	128	9.10.16	http://1live-hiphop.akacast.akamaistream.net/7/63/119451/v1/gnl.akacast.akamaistream.net/1live-hiphop
1LIVE Special	Köln	Deutschland	128	9.10.16	http://1live-specials.akacast.akamaistream.net/7/59/119450/v1/gnl.akacast.akamaistream.net/1live-specials
1LIVE Fiehe	Köln	Deutschland	128	9.10.16	http://1live-fiehe.akacast.akamaistream.net/7/201/119447/v1/gnl.akacast.akamaistream.net/1live-fiehe
80er	-	Deutschland	0		http://dude.mp3streams.net/80ergvl
89.0 RTL	Halle (Saale)	Deutschland	0		http://62.75.176.45/rtl-high
90er	Hamburg	Deutschland	0		http://dude.mp3streams.net/90er
95.5 Charivari	München	Deutschland	0		http://955charivari.radio.de:8000/relay-2318
AgF-Radio	Viernheim	Deutschland	0		http://stream2006.de:9000
Alpenmelodie	Stein	Deutschland	0		http://212.123.103.171
alster radio 106!8 rock 'n pop	Hamburg	Deutschland	96	03.10.16	http://live96.106acht.de
Angelsfox-Radio	Wesel Büderich	Deutschland	0		http://80.237.210.71
Antenne Bayern	München	Deutschland	128	03.10.16	http://mp3.webradio.antenne.de:80
Antenne Bayern - 80er Kulthits	München	Deutschland	96	03.10.16	http://channels.webradio.antenne.de/80er-kulthits
Antenne Bayern - Black Beatz	München	Deutschland	96	03.10.16	http://channels.webradio.antenne.de/black-beatz
Antenne Bayern - Chillout	München	Deutschland	96	03.10.16	http://channels.webradio.antenne.de/chillout
Antenne Bayern - Classic Rock Live	München	Deutschland	96	03.10.16	http://channels.webradio.antenne.de/classic-rock-live
Antenne Bayern - Hits für Kids	München	Deutschland	96	03.10.16	http://channels.webradio.antenne.de/hits-fuer-kids
Antenne Bayern - Lovesongs	München	Deutschland	96	03.10.16	http://channels.webradio.antenne.de/lovesongs
Antenne Bayern - Oldies	München	Deutschland	96	03.10.16	http://channels.webradio.antenne.de/oldies-but-goldies
Antenne Bayern - Schlager	München	Deutschland	96	03.10.16	http://channels.webradio.antenne.de/das-schlager-karussell
Antenne Bayern - Top 40	München	Deutschland	128	03.10.16	http://channels.webradio.antenne.de/top-40
Antenne Brandenburg	Berlin	Deutschland	48	03.10.16	http://www.antennebrandenburg.de/livemp3
Antenne Mainz	Mainz	Deutschland	64	03.10.16	http://rs1.radiostreamer.com:8020/
Antenne Münster	Münster	Deutschland	128	03.10.16	http://stream.antennemuenster.de:8000/am128k
Antenne Südtirol	Lana	Italien	128	03.10.16	http://server2.digital-webstream.de:23780
ANTENNE VORARLBERG Partymix	Schwarzach	Österreich	0		http://194.208.21.29:8010
apollo radio)))	Chemnitz	Deutschland	0		http://217.68.161.222:6300
Apres Ski	Hamburg	Österreich	0		http://dude.mp3streams.net/apresski
Arabella Austropop	München	Deutschland	0		http://stream02.arabella-de.vss.kapper.net:8000
Arabella Classic-Rock	München	Deutschland	0		http://stream05.arabella-de.vss.kapper.net:8000
Arabella Herzflimmern	München	Deutschland	0		http://stream03.arabella-de.vss.kapper.net:8000
Arabella Kultschlager	München	Deutschland	0		http://stream04.arabella-de.vss.kapper.net:8000
Arabella Party	München	Deutschland	0		http://stream06.arabella-de.vss.kapper.net:8000
Arabella Webradio	München	Deutschland	0		http://stream01.arabella-de.vss.kapper.net:8000
B-Radio4U	Berlin	Deutschland	0		http://b-radio4u.eu:8038
Ballermann Radio	Mönchengladbach	Deutschland	0		http://media.ballermann-radio.com:8000
Bash.FM	Hamburg	Deutschland	128	03.10.16	http://www.bash-music.com:8000
BassLover	Berlin	Deutschland	128	03.10.16	http://s7.relay-basslover.de:9000
Bayern 1 Oberfranken	München	Deutschland	128	09.10.16	http://br-mp3-bayern1fran-m.akacast.akamaistream.net/7/101/142690/v1/gnl.akacast.akamaistream.net/br_mp3_bayern1fran_m
Bayern 1 Oberfranken LowQuality	München	Deutschland	56	09.10.16	http://br-mp3-bayern1fran-s.akacast.akamaistream.net/7/79/142690/v1/gnl.akacast.akamaistream.net/br_mp3_bayern1fran_s
Bayern 2 Nord	München	Deutschland	128	09.10.16	http://br-mp3-bayern2nord-m.akacast.akamaistream.net/7/841/256282/v1/gnl.akacast.akamaistream.net/br_mp3_bayern2nord_m
Bayern 2 Nord LowQuality	München	Deutschland	56	09.10.16	http://br-mp3-bayern2nord-s.akacast.akamaistream.net/7/835/256282/v1/gnl.akacast.akamaistream.net/br_mp3_bayern2nord_s
Bayern 3	München	Deutschland	128	09.10.16	http://br-mp3-bayern3-m.akacast.akamaistream.net/7/442/142692/v1/gnl.akacast.akamaistream.net/br_mp3_bayern3_m
Bayern 3 LowQuality	München	Deutschland	56	09.10.16	http://br-mp3-bayern3-s.akacast.akamaistream.net/7/464/142692/v1/gnl.akacast.akamaistream.net/br_mp3_bayern3_s
BR- Klassik	München	Deutschland	128	09.10.16	http://br-mp3-br-klassik-m.akacast.akamaistream.net/7/120/142693/v1/gnl.akacast.akamaistream.net/br_mp3_br-klassik_m
BR-Klassik LowQuality	München	Deutschland	56	09.10.16	http://br-mp3-br-klassik-s.akacast.akamaistream.net/7/150/142693/v1/gnl.akacast.akamaistream.net/br_mp3_br-klassik_s
Bayern plus	München	Deutschland	128	09.10.16	http://br-mp3-bayernplus-m.akacast.akamaistream.net/7/624/142696/v1/gnl.akacast.akamaistream.net/br_mp3_bayernplus_m
Bayern plus LowQuality	München	Deutschland	56	09.10.16	http://br-mp3-bayernplus-s.akacast.akamaistream.net/7/642/142696/v1/gnl.akacast.akamaistream.net/br_mp3_bayernplus_s
BR Heimat	München	Deutschland	128	09.10.16	http://br-mp3-brheimat-m.akacast.akamaistream.net/7/738/326703/v1/gnl.akacast.akamaistream.net/br_mp3_brheimat_m
BR Heimat LowQuality	München	Deutschland	56	09.10.16	http://br-mp3-brheimat-s.akacast.akamaistream.net/7/748/326703/v1/gnl.akacast.akamaistream.net/br_mp3_brheimat_s
Puls	München	Deutschland	128	09.10.16	http://br-mp3-puls-m.akacast.akamaistream.net/7/501/142689/v1/gnl.akacast.akamaistream.net/br_mp3_puls_m
Puls LowQuality	München	Deutschland	56	09.10.16	http://br-mp3-puls-s.akacast.akamaistream.net/7/491/142689/v1/gnl.akacast.akamaistream.net/br_mp3_puls_s
Bayerwelle Südost TS	Traunstein	Deutschland	128	03.10.16	http://icebwso2.srv.co.at:8000/bwchg_hi
BeFM Soulstar	Barsbüttel	Deutschland	0		http://87.118.64.222:8010
Bermuda Funk	Mannheim	Deutschland	112	03.10.16	http://streaming.fueralle.org:8000/bermudafunk.ogg
Best of 2008	Hamburg	Deutschland	0		http://dude.mp3streams.net/bestof2008
Best of 2009	Hamburg	Deutschland	0		http://dude.mp3streams.net/bestof2009
BHJMS -Radio1	Hamburg	Deutschland	0		http://bhjms-streamserver.mscs.net:8000
bigFM	Stuttgart	Deutschland	0		http://bigfm.radio.de:8000/relay-1444
Bigvibez.com	Wien	Österreich	0		http://bigvibez.com:7000
Black	Hamburg	Deutschland	0		http://dude.mp3streams.net/blackgvl
BlackBeats.FM	Naundorf	Deutschland	128	03.10.16	http://stream.blackbeats.fm
Blackmusic-radio	Hamburg	Deutschland	0		http://listen.bmradio.de
BlastFM	Bern	Schweiz	0		http://rs11.stream24.org:8020
Blitz Radio	Braunschweig	Deutschland	0		http://blitz-stream.de:8000
Blue-Radio	Hasselfelde	Deutschland	0		http://87.118.112.63:8811
Bollywoodradio	Berlin	Deutschland	0		http://radio.bollywoodradio.de:8080/128.mp3
Bremen Eins	Bremen	Deutschland	128	03.10.16	http://rb-mp3-m-bremeneins.akacast.akamaistream.net/7/716/234436/v1/gnl.akacast.akamaistream.net/rb-mp3-m-bremeneins
Bremen Eins – LowQuality mono	Bremen	Deutschland	56	03.10.16	http://rb-mp3-s-bremeneins.akacast.akamaistream.net/7/986/234436/v1/gnl.akacast.akamaistream.net/rb-mp3-s-bremeneins
Bremen Vier	Bremen	Deutschland	128	03.10.16	http://rb-mp3-m-bremenvier.akacast.akamaistream.net/7/23/234437/v1/gnl.akacast.akamaistream.net/rb-mp3-m-bremenvier
Bremen Vier – LowQuality mono	Bremen	Deutschland	56	03.10.16	http://rb-mp3-s-bremenvier.akacast.akamaistream.net/7/551/234437/v1/gnl.akacast.akamaistream.net/rb-mp3-s-bremenvier
Bremen Next	Bremen	Deutschland	128	03.10.16	http://rb-mp3-m-bremennext.akacast.akamaistream.net/7/705/234439/v1/gnl.akacast.akamaistream.net/rb-mp3-m-bremennext
Bremen Next – LowQuality mono	Bremen	Deutschland	56	03.10.16	http://rb-mp3-s-bremennext.akacast.akamaistream.net/7/408/234439/v1/gnl.akacast.akamaistream.net/rb-mp3-s-bremennext
BRF1	Eupen	Belgien	128	03.10.16	http://stream1.rtbf.be:8000/brf1
BRF2	Eupen	Belgien	128	03.10.16	http://stream1.rtbf.be:8000/brf2
BurnFM	Hof	Deutschland	0		http://www.radionetz.de:8000/burnfm.mp3
buureradio.ch	Steinen	Schweiz	0		http://live-three.dmd2.ch
Café 80s FM	Buchholz	Deutschland	0		http://178.77.100.114:8000
Chaos-Radio	-	DE / AT / CH	128	03.10.16	http://stream.chaos-radio.net:5678
Chatradiolive CRL	Bremen	Deutschland	0		http://stream.chatradiolive.de:8100
ChillAUT FM	Wien	Österreich	0		http://www.chillaut.fm:1974
CHROMANOVA Ambient	Berlin	Deutschland	0		http://85.25.86.69:8100
CHROMANOVA Psy Trance	Berlin	Deutschland	0		http://85.25.86.69:8000
Cityredio	Recklinghausen	Deutschland	0		http://www.cityredio.de:8000
Club Lounge Radio	Emden-Larrelt	Deutschland	0		http://85.25.144.209:8888
coloRadio	Dresden	Deutschland	0		http://stream.fueralle.org:8004/coloradio_160.ogg
Countrymusic24	Berlin	Deutschland	96	03.10.16	http://countrymusic24.powerstream.de:9000
Crosschannel	Wetzlar	Deutschland	128	03.10.16	http://c14000-l.i.core.cdn.streamfarm.net/3095crosschannel_dsl.mp3
Cue Radio Dreamlife	Glauchau	Deutschland	0		http://85.214.51.47:8888
Dancefox-Radio	Vettelschoss	Deutschland	0		http://s5.pop-stream.de:9000
DasDing	Baden-Baden	Deutschland	0		http://swr.ic.llnwd.net/stream/swr_mp3_m_dasdinga
DD-Radio	Dresden	Deutschland	0		http://dd-radio.eu:8000
DEFJAY.DE	Berlin	Deutschland	128	03.10.16	http://sc1.netstreamer.net:8040
delta radio	Kiel	Deutschland	0		http://stream.hoerradar.de/deltaradio128
DELUXE LOUNGE RADIO	München	Deutschland	0		http://c13000-l.i.core.cdn.streamfarm.net/13000deluxe/live/3304lounge/de_128.mp3
DELUXE RADIO	München	Deutschland	0		http://d85195728.i.tis.core005.cdn.streamfarm.net:80/13000deluxe/live/3258radiodeluxe/de_96.mp3
Deutsche Welle	Köln	Deutschland	0		http://c13010-ls.i.core.cdn.streamfarm.net/dwworldlive-live/13010dwrde64.mp3
Deutschlandfunk MP3	Köln	Deutschland	128	09.10.16	http://dradio_mp3_dlf_m.akacast.akamaistream.net/7/249/142684/v1/gnl.akacast.akamaistream.net/dradio_mp3_dlf_m
Deutschlandfunk OGG	Köln	Deutschland	56	09.10.16	http://dradio-ogg-dlf-m.akacast.akamaistream.net/7/359/135496/v1/gnl.akacast.akamaistream.net/dradio_ogg_dlf_medium
Deutschlandfunk OGG LowQuality	Köln	Deutschland	32	09.10.16	http://dradio_ogg_dlf_s.akacast.akamaistream.net/7/636/135496/v1/gnl.akacast.akamaistream.net/dradio_ogg_dlf_s
Deutschlandradio Kultur	Köln	Deutschland	0		http://dradio.ic.llnwd.net/stream/dradio_dkultur_m_a.ogg
Deutschlandradio Wissen	Köln	Deutschland	0		http://dradio.ic.llnwd.net/stream/dradio_dwissen_m_a
Die Neue 107.7	Stuttgart	Deutschland	0		http://dieneue1077.ice.streaming.spacenet.de/dieneue1077
Die Neue 107.7 - 80er	Stuttgart	Deutschland	0		http://dieneue1077-80er.ice.streaming.spacenet.de/dieneue1077_80er
Die Neue 107.7 - Livesong	Stuttgart	Deutschland	0		http://dieneue1077-live.ice.streaming.spacenet.de/dieneue1077_live
Die Neue Welle	Karlsruhe	Deutschland	128	03.10.16	http://live.meine-neue-welle.de/dnw_128.mp3
Disco-Beatz.com	Datteln	Deutschland	0		http://94.23.28.116:1598
DONAU 3 FM	Ulm	Deutschland	64	03.10.16	http://server1.webradiostreaming.de:2640
DRS Musikwelle	Zürich	Schweiz	0		http://glb-stream10.streamserver.ch/1/drsmw/mp3_128
DRS Virus	Zürich	Schweiz	0		http://glb-stream10.streamserver.ch/1/drsvirus/mp3_128
DRS1	Zürich	Schweiz	0		http://glb-stream10.streamserver.ch/1/drs1/mp3_128
DRS2	Zürich	Schweiz	0		http://glb-stream10.streamserver.ch/1/drs2/mp3_128
DRS3	Zürich	Schweiz	0		http://glb-stream10.streamserver.ch/1/drs3/mp3_128
DRS4 News	Zürich	Schweiz	0		http://glb-stream10.streamserver.ch/1/drs4news/mp3_128
Eastcoast	Hamburg	Deutschland	0		http://staff.mp3streams.net/eastcoastgvl
EBM-Radio	Rostock	Deutschland	48	09.10.16	http://www.ebm-radio.org:8000
egoFM	München	Deutschland	0		http://edge.live.mp3.mdn.newmedia.nacamar.net/ps-egofm_192/livestream.mp3
eldoRadio	Dortmund	Deutschland	160	09.10.16	http://eldoweb.eldoradio.de:8000/160.ogg
Electro Radio	Schwerzenbach	Schweiz	128	03.10.16	http://stream.electroradio.ch:26630
Electrosound.tv	München	Deutschland	0		http://128k-audio-qlounge.electrosound.tv:8000
Electrosound.tv Lounge	München	Deutschland	0		http://192k-audio.electrosound.tv:8000
enSonic.FM	Bühlertal	Deutschland	0		http://stream5.ensonicradio.com:8500
eRadio One	Griesheim	Deutschland	192	03.10.16	http://stage-blue-high.eradio-one.de:62000
ERF Radio	Wetzlar	Deutschland	96	03.10.16	http://d85195728.i.tis.core005.cdn.streamfarm.net:80/3212erf_96_live.mp3
FFH Black Power	Bad Vilbel	Deutschland	0		http://62.26.161.89/ffhchannels$black$livestream.wma
FFH Deutsch Pur	Bad Vilbel	Deutschland	0		mms://62.26.161.89/ffhchannels$deutschpur$livestream.wma
FFH Die 80er	Bad Vilbel	Deutschland	0		mms://62.26.161.89/ffhchannels$80er$livestream.wma
FFH Die 90er	Bad Vilbel	Deutschland	0		http://62.27.87.41/ffhchannels$dolcevita$livestream.wma
FFH Dolce Vita	Bad Vilbel	Deutschland	0		mms://62.27.26.5/ffhchannels$dolcevita$livestream.wma
FFH Electro Beats	Bad Vilbel	Deutschland	0		mms://62.26.161.89/ffhchannels$electro$livestream.wma
FFH Future	Bad Vilbel	Deutschland	0		mms://62.26.161.89/ffhchannels$musicupdate$livestream.wma
FFH Hit Radio	Bad Vilbel	Deutschland	0		mms://62.26.161.89/radioffh$livestream2.wma
FFH Hits für Kids	Bad Vilbel	Deutschland	0		mms://62.26.161.89/ffhchannels$hits4kids$livestream.wma
FFH Jazz	Bad Vilbel	Deutschland	0		mms://62.26.161.89/ffhchannels$jazz$livestream.wma
FFH Lounge	Bad Vilbel	Deutschland	0		mms://62.26.161.89/ffhchannels$lounge$livestream.wma
FFH Lovesongs	Bad Vilbel	Deutschland	0		mms://62.27.87.40/ffhchannels$ffhspezial1$livestream.wma
FFH Nachrichten	Bad Vilbel	Deutschland	0		mms://62.27.44.14/ffhchannels$newschannel$livestream.wma
FFH Rock over Germany	Bad Vilbel	Deutschland	0		mms://62.26.161.89/ffhchannels$rock$livestream.wma
FFH Schlagerkult	Bad Vilbel	Deutschland	0		mms://62.27.87.41/hrmchannels$schlager$livestream.wma
FFH Seasons	Bad Vilbel	Deutschland	0		mms://62.27.26.5/ffhchannels$seasons$livestream.wma
FFH Soundtrack	Bad Vilbel	Deutschland	0		mms://62.26.161.89/ffhchannels$movie$livestream.wma
FFH Top40	Bad Vilbel	Deutschland	0		mms://62.26.161.89/ffhchannels$top40$livestream.wma
ffn	Hannover	Deutschland	0		http://rs35.stream24.org/stream
FIRERADIO.FM	Gladbeck	Deutschland	0		http://91.121.161.27:8000
Flavor Mix	Berlin	Deutschland	0		http://dude.mp3streams.net/flavormix
FluxFM	Berlin	Deutschland	0		http://85.239.108.31/fluxfm-berlin
FluxFM	Bremen	Deutschland	0		http://www.fluxfm.de/stream-bremen
Freies Radio Freudenstadt	Freudenstadt	Deutschland	48	03.10.16	http://85.25.176.186:9140
Fritz-live	Potsdam-Babelsberg	Deutschland	0		http://rbb.ic.llnwd.net/stream/rbb_fritz_mp3_m_b
FRS	Stuttgart	Deutschland	0		http://frs.kumbi.org:8000/frs_stereo.ogg
Frühlingsradio	Hamburg	Deutschland	0		http://dude.mp3streams.net/fruehlingsgefuehle
FSK	Hamburg	Deutschland	96	03.10.16	http://stream.fsk-hh.org:8000/fsk.ogg
Funkhaus Europa	Köln	Deutschland	0		
Funkhaus Europa Alternative	Köln	Deutschland	128	03.10.16	http://funkhaus-europa.akacast.akamaistream.net/7/264/119440/v1/gnl.akacast.akamaistream.net/funkhaus-europa
Gong 96,3	München	Deutschland	0		http://radiator.nci.de:8000/live
Gospelradio.de	Berlin	Deutschland	0		http://87.106.15.93:9000
HardBase FM	Mönchengladbach	Deutschland	128	03.10.16	http://mp3.hb-stream.net
HELLWEG RADIO	Soest	Deutschland	0		http://s2.global-streaming.net:8100
Hit-Radio Antenne Bremen	Bremen	Deutschland	0		http://edge.live.mp3.mdn.newmedia.nacamar.net/stbantennebremen/livestream.mp3
Hit-Radio Antenne Niedersachsen	Hannover	Deutschland	0		http://62.26.161.89/stbantennends$livestream.wma
Hitradio Antenne 1	Stuttgart	Deutschland	0		http://62.27.44.59/antenne1/livestream.mp3
HouseTime FM	Moers	Deutschland	128	03.10.16	http://mp3.ht-stream.net
HR Info	Frankfurt	Deutschland	128	03.10.16	http://www.metafilegenerator.de/HR/hrinfo/mp3/webm.m3u
HR Info LowQuality	Frankfurt	Deutschland	48	03.10.16	http://www.metafilegenerator.de/HR/hrinfo/mp3/webs.m3u
HR1	Frankfurt	Deutschland	128	03.10.16	http://metafiles.gl-systemhaus.de/hr/hr1_2.m3u
HR1 LowQuality	Frankfurt	Deutschland	48	03.10.16	http://metafiles.gl-systemhaus.de/hr/hr1_1.m3u
HR2	Frankfurt	Deutschland	128	03.10.16	http://metafiles.gl-systemhaus.de/hr/hr2_2.m3u
HR2 LowQuality	Frankfurt	Deutschland	48	03.10.16	http://metafiles.gl-systemhaus.de/hr/hr2_1.m3u
HR3	Frankfurt	Deutschland	128	03.10.16	http://metafiles.gl-systemhaus.de/hr/hr3_2.m3u
HR3 LowQuality	Frankfurt	Deutschland	48	03.10.16	http://metafiles.gl-systemhaus.de/hr/hr3_1.m3u
HR4	Frankfurt	Deutschland	128	03.10.16	http://metafiles.gl-systemhaus.de/hr/hr4_2.m3u
HR4 LowQuality	Frankfurt	Deutschland	48	03.10.16	http://metafiles.gl-systemhaus.de/hr/hr4_1.m3u
ILoveRadio	Köln	Deutschland	0		http://89.149.242.132
Internetradio.de Black	Landshut	Deutschland	0		http://stream.internetradio.de/black
Internetradio.de Club	Landshut	Deutschland	0		http://stream.internetradio.de/club
Internetradio.de Deep Space	Landshut	Deutschland	0		http://chat.internetradio.de:8787
Internetradio.de Eurodance	Landshut	Deutschland	0		http://stream.internetradio.de/90s
Internetradio.de Kultur	Landshut	Deutschland	0		http://stream.internetradio.de/kultur
Internetradio.de Main	Landshut	Deutschland	0		http://stream.internetradio.de/main
Internetradio.de Oldies	Landshut	Deutschland	0		http://stream.internetradio.de/oldies
Internetradio.de Party	Landshut	Deutschland	0		http://stream.internetradio.de/party
Internetradio.de Rock	Landshut	Deutschland	0		http://stream.internetradio.de/rock
JACK FM	Berlin	Deutschland	128	03.10.16	http://tuner.jackfm.de
Jazz	Hamburg	Deutschland	0		http://dude.mp3streams.net/jazzgeneralgvl
jenny.fm	Dortmund	Deutschland	160	03.10.16	http://stream2.jenny.fm:9000
JUMP	Halle (Saale)	Deutschland	128	03.10.16	http://c22033-l.i.core.cdn.streamfarm.net/22004mdrjump/live/3087mdr_jump/live_de_128.mp3
Kanal K	Aarau	Schweiz	128	03.10.16	http://82.197.165.150
Kanal Ratte	Schopfheim	Deutschland	0		http://radio.kanal-ratte.de:8000/rkr.ogg
Karneval	Köln	Deutschland	0		http://dude.mp3streams.net/karnevalstream
Klassik Radio	Hamburg	Deutschland	0		http://edge.live.mp3.mdn.newmedia.nacamar.net/klassikradio128/livestream.mp3
Krautrock-World	Karlsruhe	Deutschland	0		http://krautrock.pop-stream.de:7592
laut.fm/herrmerktradio	Konstanz	Deutschland	128	03.10.16	http://stream.laut.fm/herrmerktradio
laut.fm/travel-trends	Aschaffenburg	Deutschland	128	03.10.16	http://stream.laut.fm/travel-trends
Lora osteuropäisch ???	München	Deutschland	32	03.10.16	http://live.lora924.de:8000/loramp3.mp3
Lounge FM	Wien	Österreich	0		http://edge.live.mp3.mdn.newmedia.nacamar.net:80/loungefmoesterreich/livestream.mp3
LOUNGE GROOVES	Wettingen	Schweiz	128	03.10.16	http://de1.streamhosting.ch:8050
love	Hamburg	Deutschland	0		http://dude.mp3streams.net/love
MAX-FM	Erfurt	Deutschland	0		http://stream.max-fm.com:8000/maxfm
MDR Figaro	Halle (Saale)	Deutschland	128	03.10.16	http://c22033-l.i.core.cdn.streamfarm.net/22007mdrfigaro/live/3087mdr_figaro/live_de_128.mp3
MDR Info	Leipzig	Deutschland	128	03.10.16	http://c22033-l.i.core.cdn.streamfarm.net/22006mdr/live/3087mdr_info/live_de_128.mp3
MDR Klassik	Halle (Saale)	Deutschland	128	03.10.16	http://c22033-l.i.core.cdn.streamfarm.net/22008mdrklassik/live/3087mdrklassik/live_de_128.mp3
MDR Sputnik Black	Halle (Saale)	Deutschland	128	03.10.16	http://c22033-l.i.core.cdn.streamfarm.net/22005mdr/live/3087mdr_sputnik_ch_black.mp3
MDR Sputnik Club	Halle (Saale)	Deutschland	128	03.10.16	http://c22033-l.i.core.cdn.streamfarm.net/22005mdr/live/3087mdr_sputnik_ch_club.mp3
MDR Sputnik Insomnia	Halle (Saale)	Deutschland	128	03.10.16	http://c22033-l.i.core.cdn.streamfarm.net/22005mdr/live/3087mdr_sputnik_ch_cd1.mp3
MDR Sputnik Makossa	Halle (Saale)	Deutschland	0		http://c22033-l.i.core.cdn.streamfarm.net/22033mdr/live/3087mdr_sputnik/ch_makossa_128.mp3
MDR Sputnik Popkult	Halle (Saale)	Deutschland	128	03.10.16	http://c22033-l.i.core.cdn.streamfarm.net/22005mdr/live/3087mdr_sputnik_ch_cd2.mp3
MDR Sputnik Rock	Halle (Saale)	Deutschland	128	03.10.16	http://c22033-l.i.core.cdn.streamfarm.net/22005mdr/live/3087mdr_sputnik_ch_rock.mp3
MDR Sputnik Soundcheck	Halle (Saale)	Deutschland	128	03.10.16	http://c22033-l.i.core.cdn.streamfarm.net/22033mdr/live/3087mdr_sputnik/ch_soundcheck_128.mp3
MDR1 Sachsen	Dresden	Deutschland	128	03.10.16	http://c22033-l.i.core.cdn.streamfarm.net/22001mdr1sachsen/live/3087mdr_sachsen/live_de_128.mp3
MDR1 Sachsen-Anhalt	Magdeburg	Deutschland	128	03.10.16	http://c22033-l.i.core.cdn.streamfarm.net/22002mdr1sachsenanhalt/live/3087mdr_mdr1sa/live_de_128.mp3
MDR1 Thüringen	Dresden	Deutschland	128	03.10.16	http://c22033-l.i.core.cdn.streamfarm.net/22003mdr1thueringen/live/3087mdr_thue/live_de_128.mp3
memoryradio	Oberschleißheim	Deutschland	96	03.10.16	http://www.memoryradio.de:4000
Merry Christmas	Hamburg	Deutschland	0		http://staff.mp3streams.net/xmas
Metal Refinement	Köln	Deutschland	0		http://www.metal-refinement.de:8088
Metal-Only	Deizisau	Deutschland	0		http://metal-only.blitz-stream.de
Milina Radio	Recklinghausen	Deutschland	0		http://server4.digital-webstream.de:7130
MMORPG-Radio	-	Deutschland	0		http://www.gilde-gothic.de:8000
mth.Alternative	Erlangen	Deutschland	128	03.10.16	http://alternative.mthn.net:8700
multicult fm (multicult2.0)	Berlin	Deutschland	128	03.10.16	http://stream.multicult.fm:8000/hifi
Munich-Radio	München	Deutschland	128	03.10.16	http://www.munich-radio.de:8000
Munich's Hardest Hits	München	Deutschland	128	03.10.16	http://84.19.188.7:8010
N-JOY	Hamburg	Deutschland	128	03.10.16	http://www.ndr.de/resources/metadaten/audio/m3u/n-joy.m3u
NDR 1 Niedersachsen	Hannover	Deutschland	128	03.10.16	http://www.ndr.de/resources/metadaten/audio/m3u/ndr1niedersachsen.m3u
NDR 1 Radio MV	Hamburg	Deutschland	128	03.10.16	http://www.ndr.de/resources/metadaten/audio/m3u/ndr1radiomv.m3u
NDR 1 Welle Nord	Kiel	Deutschland	128	03.10.16	http://www.ndr.de/resources/metadaten/audio/m3u/ndr1wellenord.m3u
NDR 2	Hamburg	Deutschland	128	03.10.16	http://www.ndr.de/resources/metadaten/audio/m3u/ndr2.m3u
NDR 90,3	Hamburg	Deutschland	128	03.10.16	http://www.ndr.de/resources/metadaten/audio/m3u/ndr903.m3u
NDR Info	Hamburg	Deutschland	128	03.10.16	http://www.ndr.de/resources/metadaten/audio/m3u/ndrinfo.m3u
NDR Info Spezial	Hamburg	Deutschland	128	03.10.16	http://www.ndr.de/resources/metadaten/audio/m3u/ndrinfo_spezial.m3u
NDR Kultur	Hamburg	Deutschland	128	03.10.16	http://www.ndr.de/resources/metadaten/audio/m3u/ndrkultur.m3u
NewcomerRadio Deutschland	Wuppertal	Deutschland	128	03.10.16	http://streamplus14.leonex.de:15888
NIGHTLINE RADIO	Berlin	Deutschland	128	03.10.16	http://radio1.nightline-radio.de:8000
Nordwestradio	Bremen	Deutschland	128	03.10.16	http://rb-mp3-m-nordwestradio.akacast.akamaistream.net/7/639/234438/v1/gnl.akacast.akamaistream.net/rb-mp3-m-nordwestradio
Nordwestradio – LowQuality mono	Bremen	Deutschland	56	03.10.16	http://rb-mp3-s-nordwestradio.akacast.akamaistream.net/7/542/234438/v1/gnl.akacast.akamaistream.net/rb-mp3-s-nordwestradio
NRW Chaosradio	Köln	Deutschland	0		http://217.79.190.24:8000
Ohrfunk Radio	Berlin	Deutschland	192	09.10.16	http://server1.digital-webstream.de:8000
Oldie95	Hamburg	Deutschland	0		http://edge.live.mp3.mdn.newmedia.nacamar.net/stboldie95/livestream.mp3
Oldies	Hamburg	Deutschland	0		http://dude.mp3streams.net/oldies
oldiestar	Oranienburg	Deutschland	0		http://www.digitalradiostream.de:8000
on3radio	München	Deutschland	0		http://gffstream.ic.llnwd.net/stream/gffstream_w9b
Onkelz Rock Radio ORR	Voerde	Deutschland	0		http://webhost110.gtk.hu:9010
Orange	Wien	Österreich	96	09.10.16	http://stream3.o94.at:8000/live_standard.ogg
ORF FM4	Wien	Österreich	156	09.10.16	http://mp3stream1.apasf.apa.at:8000
ORF Hitradio Ö3	Wien	Österreich	128	09.10.16	http://mp3stream7.apasf.apa.at:8000/
ORF Radio Ö1	Wien	Österreich	192	09.10.16	http://mp3stream3.apasf.apa.at:8000/
ORF Radio Burgenland	Eisenstadt	Österreich	192	09.10.16	http://194.232.200.146:8000/
ORF Radio Kärnten	Klagenfurt	Österreich	156	09.10.16	http://194.232.200.145:8000/
ORF Radio Niederösterreich	St. Pölten	Österreich	156	09.10.16	http://mp3stream8.apasf.apa.at:8000/
ORF Radio Oberösterreich	Linz	Österreich	156	09.10.16	http://194.232.200.148:8000/
ORF Radio Salzburg	Salzburg	Österreich	156	09.10.16	http://194.232.200.147:8000/
ORF Radio Steiermark	Graz	Österreich	192	09.10.16	http://mp3stream9.apasf.apa.at:8000/
ORF Radio Tirol	Insbruck	Österreich	192	09.10.16	http://194.232.200.159:8000/
ORF Radio Vorarlberg	Bregenz	Österreich	128	09.10.16	http://194.232.200.149:8000/
ORF Radio Wien	Wien	Österreich	128	09.10.16	http://mp3stream17.apasf.apa.at:8000/
POP-Radio POP one	Velen	Deutschland	0		http://one.audio.pop-radio.de
POP-Radio POP two	Velen	Deutschland	0		http://two.audio.pop-radio.de
PRIDE1	Recklinghausen	Deutschland	0		http://p1standby.serveftp.org:8100
Primavera online radio	Aschaffenburg	Deutschland	0		http://62.75.162.209:8000/primavera
PROJECT RELOADED	Hannover	Deutschland	0		http://edge.live.mp3.mdn.newmedia.nacamar.net/projectreloaded/livestream.mp3
PsyRadio Chillout	Duisburg	Deutschland	128	09.10.16	http://komplex2.psyradio.org:8030
PsyRadio Progressive	Duisburg	Deutschland	128	09.10.16	http://komplex2.psyradio.org:8010
Pure-Metal World Radio	Bielefeld	Deutschland	0		http://pure-metal.de:29000
Querfunk	Karlsruhe	Deutschland	128	09.10.16	http://mp3.querfunk.de:8001/qfhi
R.SH	Kiel	Deutschland	128	09.10.16	http://stream.hoerradar.de/rsh128
Radio 21 - Classic Rock	Garbsen	Deutschland	0		http://radio21.ice.streaming.spacenet.de/radio21
Radio 7	Ulm	Deutschland	0		http://stream.hoerradar.de/mp3-radio7-128
Radio 700	Euskirchen	Deutschland	0		http://s1.global-streaming.net:11600
Radio AENA	Straubing	Deutschland	0		http://85.214.100.217:8055/dslTest
Radio B2 Berlin-Brandenburg	Berlin	Deutschland	0		http://www.digitalradiostream.de:9090/listen.pls
Radio Bielefeld	Bielefeld	Deutschland	128	21.05.17	http://edge.live.mp3.mdn.newmedia.nacamar.net/ps-radiobielefeld/livestream.mp3
Radio Blau	Dresden	Deutschland	0		http://85.239.108.31:8000/radioblau
Radio BOB!	Kassel	Deutschland	0		http://85.239.108.31/mp3-radiobob
Radio Bonn / Rhein-Sieg	Bonn	Deutschland	96	09.10.16	http://ga-stream01.ga-bonn.de:80/live128
Radio Brocken	Halle (Saale)	Deutschland	0		http://stream.telvi.de:8000/radiobrocken
Radio Chemnitz	Chemnitz	Deutschland	0		mms://stream.green.ch/RadioChemnitz
Radio Corax	Halle	Deutschland	112	09.10.16	http://streaming.fueralle.org:8000/corax.mp3
Radio Cottbus 94.5	Cottbus	Deutschland	0		http://stream.telvi.de:8000/radio_cottbus
Radio Darmstadt	Darmstadt	Deutschland	0		http://livestream.radiodarmstadt.de:8000
Radio Dresden	Dresden	Deutschland	0		mms://stream.green.ch/RadioDresden
Radio Dreyeckland	Freiburg	Deutschland	0		http://85.214.49.179:8000/rdl
Radio Eviva	Brunnen	Schweiz	0		http://dms-cl-022.skypro-media.net/radioeviva-128
Radio F.R.E.I.	Erfurt	Deutschland	96	09.10.16	http://streaming.fueralle.org:8000/Radio-F.R.E.I
Radio Fantasy 93.4 FM	Augsburg	Deutschland	0		http://stream.fantasy.de:8000/radiofantasy.mp3
Radio Flensburg	Flensburg	Deutschland	0		http://server4.digital-webstream.de:10885
Radio Flora	Hannover	Deutschland	128	09.10.16	http://radioflora.de/stream/live.mp3
Radio Free FM	Ulm	Deutschland	0		http://stream.lauschangriff.org:8100
Radio FreeQuenns	Liezen	Österreich	0		http://www.freequenns.at:8000/rfhigh
Radio Freirad	Innsbruck	Österreich	96	09.10.16	http://stream.freirad.at:8002/live.ogg
Radio fresh80s	Hamburg	Deutschland	0		http://89.149.217.93:8010
Radio FRO	Linz	Österreich	0		http://www.fro.at:8008/fro-56
Radio Gong 96.3	München	Deutschland	0		http://radiator.nci.de:8000/high_q
Radio Gütersloh	Gütersloh	Deutschland	128	21.05.17	http://edge.live.mp3.mdn.newmedia.nacamar.net/radioguetersloh/livestream.mp3
Radio Hazzard of Darkness	Bochum	Deutschland	0		http://radio.hazzardofdarkness.com:8000
Radio Helsinki	Graz	Österreich	160	09.10.16	http://live.helsinki.at:8088/live160.ogg
Radio Hitwelle Landkreis Erding	Erding	Deutschland	0		mms://stream.hitwelle.de/hitwelle
Radio im Internet	Ober-Mörlen	Deutschland	0		http://radioiminternet.ham-radio-op.net:8602
Radio Jade	Hameln	Deutschland	192	09.10.16	http://streaming.radiojade.de:8000
Radio Lausitz	Görlitz	Deutschland	0		http://stream.green.ch/RadioLausitz
Radio Leipzig	Leipzig	Deutschland	0		mms://stream.green.ch/RadioLeipzig
Radio Lora	Zürich	Schweiz	0		http://193.192.228.134:8000
Radio LoTTe	Weimar	Deutschland	0		http://fra.radiostream.de:36315
Radio Moonlight	Wien	Österreich	0		http://streamplus9.ameus.de:17806
Radio Mundus	Hannover	Deutschland	0		http://stream.radiomundus.de:7000
Radio Oberkrain	Wangen	Deutschland	0		http://89.149.226.229
Radio Okerwelle	Braunschweig	Deutschland	0		http://streamplus25.leonex.de
Radio Paloma	Berlin	Deutschland	0		http://sc1.netstreamer.net:8140
Radio RaBe	Bern	Schweiz	0		http://wma.rabe.ch
Radio Rüsselsheim	Rüsselsheim	Deutschland	0		http://stream.mpango.de:8000
Radio Salü	Saarbrücken	Deutschland	0		http://62.27.44.59/radiosalue/livestream96s.mp3
Radio SAW	Magdeburg	Deutschland	0		mms://62.27.87.43/radiosaw$livestream.wma
Radio SAW 70er	Magdeburg	Deutschland	0		http://stream.saw-musikwelt.de:8000/saw70er
Radio SAW 80er	Magdeburg	Deutschland	0		http://stream.saw-musikwelt.de:8000/saw80er
Radio SAW 90er	Magdeburg	Deutschland	0		http://stream.saw-musikwelt.de:8000/saw90er
Radio SAW Neuheiten	Magdeburg	Deutschland	0		http://stream.saw-musikwelt.de:8000/sawneuheiten
Radio SAW Rock	Magdeburg	Deutschland	0		http://stream.saw-musikwelt.de:8000/sawrock
Radio SAW Schlager	Magdeburg	Deutschland	0		http://stream.saw-musikwelt.de:8000/sawschlager
Radio Schwarze Welle	Gelsenkirchen	Deutschland	0		http://85.25.120.73:7500
Radio Seefunk	Konstanz	Deutschland	128	09.10.16	http://webradio.radio-seefunk.de:8000
Radio St(H)örfunk	Schwäbisch Hall	Deutschland	112	09.10.16	http://stream.sthoerfunk.de:7000/sthoerfunk.ogg
Radio Stephansdom	Wien	Österreich	0		http://srvhost24.serverhosting.apa.net:8000/rsdstream128
Radio Swiss Classic	Bern	Schweiz	128	09.10.16	http://stream-3.ssatr.ch:80/rsc/mp3
Radio Swiss Jazz	Bern	Schweiz	128	09.10.16	http://stream-1.ssatr.ch:80/rsj/mp3
Radio Swiss Pop	Bern	Schweiz	128	09.10.16	http://stream-2.ssatr.ch/rsp/mp3
Radio T	Chemnitz	Deutschland	0		http://streaming.fueralle.org:8000/radiot.ogg
Radio TEDDY 106.8	Potsdam	Deutschland	0		http://c1.netstreamer.net:9000
Radio Ton Region Main-Tauber	Aalen	Deutschland	64	09.10.16	http://live.radio-ton.de/live-mgh
Radio Ton Baden Württemberg	Aalen	Deutschland	64	09.10.16	http://live.radio-ton.de/live-na
Radio Ton Ostwürttemberg	Aalen	Deutschland	64	09.10.16	http://live.radio-ton.de/live-owb
Radio Tonkuhle	Hildesheim	Deutschland	96	09.10.16	http://stream.tonkuhle.de:8000/hifi.ogg
Radio UnArt	Dortmund	Deutschland	0		http://steven-dark.com:8000
Radio Unerhört Marburg	Marburg	Deutschland	128	09.10.16	http://stream.radio-rum.de:8000/rum.mp3
Radio X	Frankfurt / Main	Deutschland	0		http://radiox.mapsolute.com:8000
RADIO ZÜRISEE	Rapperswil	Schweiz	128	09.10.16	http://www.radio.ch/media/stream/radiozuerisee128k.m3u
Radio ZuSa	Uelzen	Deutschland	0		http://stream.radio-zusa.net:8000/zusa-hifi.ogg
Radio-Z	Nürnberg	Deutschland	0		http://www.radio-z.net:8000/Radio-Z
Radio4Humans	Romanshorn	Schweiz	0		http://s2.global-streaming.net:6470
RadioCrazy Classical	Küsnacht	Schweiz	128	09.10.16	http://stream2137.init7.net
RadioCrazy Jazz	Küsnacht	Schweiz	128	09.10.16	http://stream2138.init7.net:80
RadioCrazy Modern Jazz	Küsnacht	Schweiz	0		http://stream2140.init7.net:80
RadioCrazy Opera	Küsnacht	Schweiz	0		http://stream2139.init7.net:80
Radiofabrik	Salzburg	Österreich	0		http://master.radiofabrik.at:8000/rf_high.mp3
Ramasuri	Weiden	Deutschland	0		http://ramasuri.blm.netlantic.net:80/live_ramasuri.mp3
RauteMusik #MUSIK.HOUSE	Aachen	Deutschland	192	09.10.16	http://House-high.RauteMusik.FM
RauteMusik #MUSIK.TECHHOUSE	Aachen	Deutschland	192	09.10.16	http://Progressive-high.RauteMusik.FM
RauteMusik #MUSIK.HARDER	Aachen	Deutschland	192	09.10.16	http://HardeR-high.RauteMusik.FM
RauteMusik #MUSIK.SCHLAGER	Aachen	Deutschland	0		http://www.SchlagerRadio.FM
RauteMusik #MUSIK.BIGCITYBEATS	Aachen	Deutschland	192	09.10.16	http://BCB-high.RauteMusik.FM
RauteMusik #MUSIK.DRUMSTEP	Aachen	Deutschland	192	09.10.16	http://DrumStep-high.RauteMusik.FM
RauteMusik #MUSIK.TRANCE	Aachen	Deutschland	192	09.10.16	http://Trance-high.RauteMusik.FM
RauteMusik #ChartHits-Top40	Aachen	Deutschland	192	09.10.16	http://Christmas-high.RauteMusik.FM
RauteMusik #MUSIK.ORIENTAL	Aachen	Deutschland	192	09.10.16	http://Oriental-high.RauteMusik.FM
RauteMusik #Musik.DeutschRap	Aachen	Deutschland	192	09.10.16	http://Deutschrap-high.RauteMusik.FM
RBB Kulturradio	Berlin / Potsdam	Deutschland	128	09.10.16	http://rbb-mp3-kulturradio-m.akacast.akamaistream.net/7/935/292095/v1/gnl.akacast.akamaistream.net/rbb_mp3_kulturradio_m
RBB Kulturradio LowQuality	Berlin / Potsdam	Deutschland	48	09.10.16	http://rbb-mp3-kulturradio-s.akacast.akamaistream.net/7/921/292095/v1/gnl.akacast.akamaistream.net/rbb_mp3_kulturradio_s
RBB radioeins	Berlin / Potsdam	Deutschland	128	09.10.16	http://rbb-mp3-radioeins-m.akacast.akamaistream.net/7/854/292097/v1/gnl.akacast.akamaistream.net/rbb_mp3_radioeins_m
RBB radioeins	Berlin / Potsdam	Deutschland	48	09.10.16	http://rbb-mp3-radioeins-s.akacast.akamaistream.net/7/832/292097/v1/gnl.akacast.akamaistream.net/rbb_mp3_radioeins_s
RBB Fritz	Berlin / Potsdam	Deutschland	128	09.10.16	http://rbb-mp3-fritz-m.akacast.akamaistream.net/7/799/292093/v1/gnl.akacast.akamaistream.net/rbb_mp3_fritz_m
RBB Fritz LowQuality	Berlin / Potsdam	Deutschland	48	09.10.16	http://rbb-mp3-fritz-s.akacast.akamaistream.net/7/817/292093/v1/gnl.akacast.akamaistream.net/rbb_mp3_fritz_s
RBB Antenne Brandenburg	Berlin / Potsdam	Deutschland	128	09.10.16	http://rbb-mp3-antenneb-m.akacast.akamaistream.net/7/516/292092/v1/gnl.akacast.akamaistream.net/rbb_mp3_antenneb_m
RBB Antenne Brandenburg LowQuality	Berlin / Potsdam	Deutschland	48	09.10.16	http://rbb-mp3-antenneb-s.akacast.akamaistream.net/7/534/292092/v1/gnl.akacast.akamaistream.net/rbb_mp3_antenneb_s
RBB radioBERLIN	Berlin / Potsdam	Deutschland	128	09.10.16	http://rbb-mp3-radioberlin-m.akacast.akamaistream.net/7/70/292096/v1/gnl.akacast.akamaistream.net/rbb_mp3_radioberlin_m
RBB radioBERLIN	Berlin / Potsdam	Deutschland	48	09.10.16	http://rbb-mp3-radioberlin-s.akacast.akamaistream.net/7/52/292096/v1/gnl.akacast.akamaistream.net/rbb_mp3_radioberlin_s
Rheinwelle	Wiesbaden	Deutschland	128	09.10.16	http://s2.onlinestream.de:6640
RMN powerstream	Kleinblittersdorf	Deutschland	192	09.10.16	http://server.powerstream.de:30846
RMN radio	Kleinblittersdorf	Deutschland	160	09.10.16	http://streamserver1.radiomelodienet.de:8022
RMN relax	Kleinblittersdorf	Deutschland	0		http://91.121.176.177:8023
RMN schlagerhoelle	Kleinblittersdorf	Deutschland	128	09.10.16	http://server1.schlagerhoelle.de:30842
RMN soulstar	Kleinblittersdorf	Deutschland	0		http://server1.rmnsoulstar.de:8010
Rock	Hamburg	Deutschland	0		http://dude.mp3streams.net/rock
Rockantenne	München	Deutschland	128	09.10.16	http://mp3.webradio.rockantenne.de:80
Rockland Radio	Pirmasens/Mainz	Deutschland	192	09.10.16	http://188.94.97.90/rockland.mp3
rockradio.de	Berlin	Deutschland	128	09.10.16	http://rockradio.de:8090
Rocky.FM	Berlin	Deutschland	128	09.10.16	http://sc1.netstreamer.net:8020
RPR1	Ludwigshafen	Deutschland	128	09.10.16	http://rpr1.fmstreams.de/stream1
RPR1.80er	Ludwigshafen	Deutschland	128	09.10.16	http://rpr1.fmstreams.de/stream4
RPR1.Rock	Ludwigshafen	Deutschland	128	09.10.16	http://rpr1.fmstreams.de/stream3
RPR1.Top40	Ludwigshafen	Deutschland	128	09.10.16	http://rpr1.fmstreams.de/stream5
RPR1.Best of 80s	Ludwigshafen	Deutschland	128	09.10.16	http://rpr1.fmstreams.de/stream2
RundFunk Meissner	Eschwege	Deutschland	128	09.10.16	http://s8.pop-stream.de:8650
Russian Radio	Cuxhaven	Deutschland	128	09.10.16	http://play.russian-radio.de:8000
Schwarzwaldradio	Offenburg	Deutschland	128	09.10.16	http://str31.creacast.com/hitradio_ohr_thema1
Sound-Generation.FM Club	Thale	Deutschland	0		http://78.159.104.157
Sound-Generation.FM Extreme	Thale	Deutschland	0		http://extremestream.sound-generation.fm
Sound-Generation.FM House	Thale	Deutschland	0		http://housestream.sound-generation.fm
Sound-Generation.FM Main	Thale	Deutschland	0		http://217.20.115.91:8000
Soundportal	Graz	Österreich	0		http://netradio01.soundportal.at:8100/live160
soundstylez.fm Club	Erftstadt	Deutschland	0		http://server2.blitz-stream.de:40060
soundstylez.fm Main	Erftstadt	Deutschland	0		http://server2.blitz-stream.de:40040
SR 1 Live	Saarbrücken	Deutschland	128	09.10.16	http://sr1m.akacast.akamaistream.net/7/725/142685/v1/gnl.akacast.akamaistream.net/sr1m
SR 1 Live LowQuality	Saarbrücken	Deutschland	56	09.10.16	http://sr1s.akacast.akamaistream.net/7/747/142685/v1/gnl.akacast.akamaistream.net/sr1s
SR 2 Kulturradio	Saarbrücken	Deutschland	128	09.10.16	http://sr2m.akacast.akamaistream.net/7/375/142686/v1/gnl.akacast.akamaistream.net/sr2m
SR 2 Kulturradio LowQuality	Saarbrücken	Deutschland	56	09.10.16	http://sr2s.akacast.akamaistream.net/7/349/142686/v1/gnl.akacast.akamaistream.net/sr2s
SR 3 Saarlandwelle	Saarbrücken	Deutschland	128	09.10.16	http://sr3m.akacast.akamaistream.net/7/722/142687/v1/gnl.akacast.akamaistream.net/sr3m
SR 3 Saarlandwelle LowQuality	Saarbrücken	Deutschland	56	09.10.16	http://sr3s.akacast.akamaistream.net/7/724/142687/v1/gnl.akacast.akamaistream.net/sr3s
Antenne Saar	Saarbrücken	Deutschland	128	09.10.16	http://asm.akacast.akamaistream.net/7/495/305516/v1/gnl.akacast.akamaistream.net/asm
Antenne Saar LowQuality	Saarbrücken	Deutschland	56	09.10.16	http://ass.akacast.akamaistream.net/7/513/305516/v1/gnl.akacast.akamaistream.net/ass
SR 103.7 Unserding	Saarbrücken	Deutschland	128	09.10.16	http://udm.akacast.akamaistream.net/7/384/142688/v1/gnl.akacast.akamaistream.net/udm
SR 103.7 Unserding LowQuality	Saarbrücken	Deutschland	56	09.10.16	http://uds.akacast.akamaistream.net/7/410/142688/v1/gnl.akacast.akamaistream.net/uds
StadtRadio Goettingen	Göttingen	Deutschland	128	09.10.16	http://stream.stadtradio-goettingen.de:8000/stadtradio.mp3
Suedstars-Radio.de	Bad Waldsee	Deutschland	0		http://stream1.suedstars-radio.de:8000
Sunray FM	Chemnitz	Deutschland	0		http://sunray-fm.de:8000
SwissGroove	Altstätten	Schweiz	0		http://swiss1.impek.tv
SWR info	Stuttgart	Deutschland	128	09.10.16	http://swr-mp3-m-info.akacast.akamaistream.net/7/40/137140/v1/gnl.akacast.akamaistream.net/swr-mp3-m-info
SWR info	Stuttgart	Deutschland	64	09.10.16	http://swr-mp3-s-info.akacast.akamaistream.net/7/577/137140/v1/gnl.akacast.akamaistream.net/swr-mp3-s-info
SWR DasDing	Stuttgart	Deutschland	128	09.10.16	http://swr-mp3-m-dasding.akacast.akamaistream.net/7/588/137139/v1/gnl.akacast.akamaistream.net/swr-mp3-m-dasding
SWR DasDing	Stuttgart	Deutschland	64	09.10.16	http://swr-mp3-s-dasding.akacast.akamaistream.net/7/207/137139/v1/gnl.akacast.akamaistream.net/swr-mp3-s-dasding
SWR1 Baden-Württemberg	Stuttgart	Deutschland	128	09.10.16	http://swr-mp3-m-swr1bw.akacast.akamaistream.net/7/245/137133/v1/gnl.akacast.akamaistream.net/swr-mp3-m-swr1bw
SWR1 Baden-Württemberg	Stuttgart	Deutschland	64	09.10.16	http://swr-mp3-s-swr1bw.akacast.akamaistream.net/7/395/137133/v1/gnl.akacast.akamaistream.net/swr-mp3-s-swr1bw
SWR1 Rheinland-Pfalz	Stuttgart	Deutschland	128	09.10.16	http://swr-mp3-m-swr1rp.akacast.akamaistream.net/7/467/137134/v1/gnl.akacast.akamaistream.net/swr-mp3-m-swr1rp
SWR1 Rheinland-Pfalz	Stuttgart	Deutschland	64	09.10.16	http://swr-mp3-s-swr1rp.akacast.akamaistream.net/7/352/137134/v1/gnl.akacast.akamaistream.net/swr-mp3-s-swr1rp
SWR2	Stuttgart	Deutschland	128	09.10.16	http://swr-mp3-m-swr2.akacast.akamaistream.net/7/721/137135/v1/gnl.akacast.akamaistream.net/swr-mp3-m-swr2
SWR2	Stuttgart	Deutschland	64	09.10.16	http://swr-mp3-s-swr2.akacast.akamaistream.net/7/204/137135/v1/gnl.akacast.akamaistream.net/swr-mp3-s-swr2
SWR3	Stuttgart	Deutschland	128	09.10.16	http://swr-mp3-m-swr3.akacast.akamaistream.net/7/720/137136/v1/gnl.akacast.akamaistream.net/swr-mp3-m-swr3
SWR3	Stuttgart	Deutschland	64	09.10.16	http://swr-mp3-s-swr3.akacast.akamaistream.net/7/203/137136/v1/gnl.akacast.akamaistream.net/swr-mp3-s-swr3
SWR4 Baden-Württemberg	Stuttgart	Deutschland	128	09.10.16	http://swr-mp3-m-swr4bw.akacast.akamaistream.net/7/426/137137/v1/gnl.akacast.akamaistream.net/swr-mp3-m-swr4bw
SWR4 Baden-Württemberg	Stuttgart	Deutschland	64	09.10.16	http://swr-mp3-s-swr4bw.akacast.akamaistream.net/7/638/137137/v1/gnl.akacast.akamaistream.net/swr-mp3-s-swr4bw
SWR4 Rheinland-Pfalz	Stuttgart	Deutschland	128	09.10.16	http://swr-mp3-m-swr4rp.akacast.akamaistream.net/7/906/137138/v1/gnl.akacast.akamaistream.net/swr-mp3-m-swr4rp
SWR4 Rheinland-Pfalz	Stuttgart	Deutschland	64	09.10.16	http://swr-mp3-s-swr4rp.akacast.akamaistream.net/7/597/137138/v1/gnl.akacast.akamaistream.net/swr-mp3-s-swr4rp
Techno4ever	Norderstedt	Deutschland	0		http://listen.to.techno4ever.net
TechnoBase.FM	Moers	Deutschland	0		http://dsl.tb-stream.net:80
Tiger-Radio!	Westerroenfeld	Deutschland	0		http://85.25.150.17:8000
TIMM House	Berlin	Deutschland	0		http://dude.mp3streams.net/timmhouse
Top 100 Single Chart	Thurnau	Deutschland	0		http://87.118.78.7:8030
top 100 station	Berlin	Deutschland	0		http://housestream.sound-generation.fm
TOP FM	Fürstenfeldbruck	Deutschland	0		http://85.214.91.242:8000/stream_hq.mp3
Top-128	-	Schweiz	0		mms://dms-cl-022.skypro-media.net/top-128
TranceBase.FM	Mönchengladbach	Deutschland	192	09.10.16	http://mp3.trb-stream.net
TrueHipHop.FM	Gengenbach	Deutschland	0		http://truehiphop.dyndns.org:9020
UZIC - Techno Minimal	Lausanne	Schweiz	128	09.10.16	http://stream.uzic.ch:9010
Vox Noctem	Nürnberg	Deutschland	0		http://91.121.11.196:13030
WDR 1 Live	Köln	Deutschland	128	03.10.16	http://1live.akacast.akamaistream.net/7/706/119434/v1/gnl.akacast.akamaistream.net/1live
WDR 2	Köln	Deutschland	128	03.10.16	http://wdr-mp3-m-wdr2-koeln.akacast.akamaistream.net/7/812/119456/v1/gnl.akacast.akamaistream.net/wdr-mp3-m-wdr2-koeln
WDR 3	Köln	Deutschland	128	03.10.16	http://wdr-3.akacast.akamaistream.net/7/47/119437/v1/gnl.akacast.akamaistream.net/wdr-3
WDR 4	Köln	Deutschland	128	03.10.16	http://wdr-4.akacast.akamaistream.net/7/42/119438/v1/gnl.akacast.akamaistream.net/wdr-4
WDR 5	Köln	Deutschland	128	03.10.16	http://wdr-5.akacast.akamaistream.net/7/41/119439/v1/gnl.akacast.akamaistream.net/wdr-5
WDR Kiraka	Köln	Deutschland	128	03.10.16	http://kiraka.akacast.akamaistream.net/7/285/119443/v1/gnl.akacast.akamaistream.net/kiraka
WE LOVE HOUSE FM	Wiesbaden	Deutschland	192	09.10.16	http://we-love-house.fm:8000/stream
WebRadio Troisdorf	Troisdorf	Deutschland	0		http://80.237.152.110:9000
WoED.fm	Datteln	Deutschland	192	09.10.16	http://stream1-1.woed.de:80
Wunschradio.fm	Hückelhoven	Deutschland	0		http://stream.wunschradio.de/wunschradio/livestream.mp3
Wüste Welle	Tübingen	Deutschland	0		http://188.40.63.198:8000/stream
YOU fm	Frankfurt	Deutschland	128	09.10.16	http://hr-mp3-m-youfm.akacast.akamaistream.net/7/246/142136/v1/gnl.akacast.akamaistream.net/hr-mp3-m-youfm
YOU fm LowQuality	Frankfurt	Deutschland	48	09.10.16	http://hr-mp3-s-youfm.akacast.akamaistream.net/7/454/142136/v1/gnl.akacast.akamaistream.net/hr-mp3-s-youfm
YOU FM Just Music	Frankfurt	Deutschland	128	09.10.16	http://hr-mp3-m-youfm-justmusic.akacast.akamaistream.net/7/529/142137/v1/gnl.akacast.akamaistream.net/hr-mp3-m-youfm-justmusic
YOU FM Sounds	Frankfurt	Deutschland	128	09.10.16	http://hr-mp3-m-youfm-sounds.akacast.akamaistream.net/7/360/142137/v1/gnl.akacast.akamaistream.net/hr-mp3-m-youfm-sounds
YOU FM Club	Frankfurt	Deutschland	128	09.10.16	http://hr-mp3-m-youfm-club.akacast.akamaistream.net/7/910/142137/v1/gnl.akacast.akamaistream.net/hr-mp3-m-youfm_club

mplayer -playlist  http://www.listenlive.eu/fr_fbparis.m3u
style.css
index.html
new.html
&#109;&#097;&#105;&#108;&#116;&#111;&#58;&#109;&#105;&#107;&#101;&#064;&#108;&#105;&#115;&#116;&#101;&#110;&#108;&#105;&#118;&#101;&#046;&#101;&#117;
http://www.franceinfo.fr/
http://www.listenlive.eu/fr_franceinfo128.m3u
https://www.franceinter.fr/
http://www.listenlive.eu/fr_franceinter128.m3u
http://www.francemusique.fr/
http://www.listenlive.eu/fr_francemusique128.m3u
http://www.francemusique.fr/
http://www.listenlive.eu/fr_francemusiqueeasy.m3u
http://www.francemusique.fr/
http://www.listenlive.eu/fr_francemusiqueplus.m3u
http://www.francemusique.fr/
http://www.listenlive.eu/fr_francemusiqueconcerts.m3u
http://www.francemusique.fr/
http://www.listenlive.eu/fr_francemusiquemonde.m3u
http://www.francemusique.fr/
http://www.listenlive.eu/fr_francemusiquejazz.m3u
http://www.francemusique.fr/
http://www.listenlive.eu/fr_francemusiquecontemp.m3u
http://www.franceculture.fr/
http://www.listenlive.eu/fr_franceculture128.m3u
http://www.fipradio.fr/
http://www.listenlive.eu/fr_fip128.m3u
http://www.fipradio.fr/
http://www.listenlive.eu/fr_fipnantes.m3u
http://www.fipradio.fr/
http://www.listenlive.eu/fr_fipbordeaux.m3u
http://www.fipradio.fr/
http://www.listenlive.eu/fr_fipstrasbourg.m3u
http://www.fipradio.fr/webradio-fip-autour-du-rock
http://www.listenlive.eu/fr_fiprock.m3u
http://www.fipradio.fr/webradio-fip-autour-du-jazz
http://www.listenlive.eu/fr_fipjazz.m3u
http://www.fipradio.fr/webradio-fip-autour-du-groove
http://www.listenlive.eu/fr_fipgroove.m3u
http://www.fipradio.fr/webradio-fip-autour-du-monde
http://www.listenlive.eu/fr_fipmonde.m3u
http://www.fipradio.fr/webradio-tout-nouveau-tout-fip
http://www.listenlive.eu/fr_fipnouveau.m3u
http://www.mouv.fr/
http://www.listenlive.eu/fr_mouv.m3u
http://www.mouv.fr/
http://www.listenlive.eu/fr_mouvxtra.m3u
https://www.francebleu.fr/alsace
http://www.listenlive.eu/fr_fbalsace.m3u
https://www.francebleu.fr/armorique
http://www.listenlive.eu/fr_fbarmorique.m3u
https://www.francebleu.fr/auxerre
http://www.listenlive.eu/fr_fbauxerre.m3u
https://www.francebleu.fr/azur
http://www.listenlive.eu/fr_fbazur.m3u
https://www.francebleu.fr/bearn
http://www.listenlive.eu/fr_fbbearn.m3u
https://www.francebleu.fr/belfort-montbeliard
http://www.listenlive.eu/fr_fbbelfort.m3u
https://www.francebleu.fr/berry
http://www.listenlive.eu/fr_fbberry.m3u
https://www.francebleu.fr/besancon
http://www.listenlive.eu/fr_fbbesancon.m3u
https://www.francebleu.fr/bourgogne
http://www.listenlive.eu/fr_fbbourgogne.m3u
https://www.francebleu.fr/breizh-izel
http://www.listenlive.eu/fr_fbbreizizel.m3u
https://www.francebleu.fr/champagne-ardenne
http://www.listenlive.eu/fr_fbchampagne.m3u
https://www.francebleu.fr/cotentin
http://www.listenlive.eu/fr_fbcotentin.m3u
https://www.francebleu.fr/creuse
http://www.listenlive.eu/fr_fbcreuse.m3u
https://www.francebleu.fr/drome-ardeche
http://www.listenlive.eu/fr_fbdromeardeche.m3u
https://www.francebleu.fr/elsass
http://www.listenlive.eu/fr_fbelsass.m3u
https://www.francebleu.fr/gard-lozere
http://www.listenlive.eu/fr_fbgardlozere.m3u
https://www.francebleu.fr/gascogne
http://www.listenlive.eu/fr_fbgascogne.m3u
https://www.francebleu.fr/gironde
http://www.listenlive.eu/fr_fbgironde.m3u
https://www.francebleu.fr/herault
http://www.listenlive.eu/fr_fbherault.m3u
https://www.francebleu.fr/isere
http://www.listenlive.eu/fr_fbisere.m3u
https://www.francebleu.fr/la-rochelle
http://www.listenlive.eu/fr_fblarochelle.m3u
https://www.francebleu.fr/limousin
http://www.listenlive.eu/fr_fblimousin.m3u
https://www.francebleu.fr/loire-ocean
http://www.listenlive.eu/fr_fbloireocean.m3u
https://www.francebleu.fr/lorraine-nord
http://www.listenlive.eu/fr_fblorrainenord.m3u
https://www.francebleu.fr/maine
http://www.listenlive.eu/fr_fbmaine.m3u
https://www.francebleu.fr/rcfm
http://www.listenlive.eu/fr_fbmayenne.m3u
https://www.francebleu.fr/nord
http://www.listenlive.eu/fr_fbnord.m3u
https://www.francebleu.fr/normandie-caen
http://www.listenlive.eu/fr_fbbassenormandie.m3u
https://www.francebleu.fr/normandie-rouen
http://www.listenlive.eu/fr_fbhautenormandie.m3u
https://www.francebleu.fr/toulouse
http://www.listenlive.eu/fr_fbtoulouse.m3u
https://www.francebleu.fr/orleans
http://www.listenlive.eu/fr_fborleans.m3u
https://www.francebleu.fr/107-1
http://www.listenlive.eu/fr_fbparis.m3u
https://www.francebleu.fr/pays-d-auvergne
http://www.listenlive.eu/fr_fbpaysdauvergne.m3u
https://www.francebleu.fr/pays-de-savoie
http://www.listenlive.eu/fr_fbpaysdesavoie.m3u
https://www.francebleu.fr/pays-basque
http://www.listenlive.eu/fr_fbpaysbasque.m3u
https://www.francebleu.fr/perigord
http://www.listenlive.eu/fr_fbperigord.m3u
https://www.francebleu.fr/picardie
http://www.listenlive.eu/fr_fbpicardie.m3u
https://www.francebleu.fr/poitou
http://www.listenlive.eu/fr_fbpoitou.m3u
https://www.francebleu.fr/provence
http://www.listenlive.eu/fr_fbprovence.m3u
https://www.francebleu.fr/rcfm
http://www.listenlive.eu/fbfrequenzamora.m3u
https://www.francebleu.fr/roussillon
http://www.listenlive.eu/fr_fbroussillon.m3u
https://www.francebleu.fr/saint-etienne-loire
http://www.listenlive.eu/fr_fbstetienne.m3u
https://www.francebleu.fr/sud-lorraine
http://www.listenlive.eu/fr_fbsudlorraine.m3u
https://www.francebleu.fr/touraine
http://www.listenlive.eu/fr_fbtouraine.m3u
https://www.francebleu.fr/vaucluse
http://www.listenlive.eu/fr_fbvaucluse.m3u
http://www.rfi.fr/
http://www.listenlive.eu/rfimonde.m3u
http://www.rfi.fr/
http://www.listenlive.eu/rfiafrique.m3u
http://www.77fm.net/
http://www.77fm.net/77FM.m3u
http://www.accent4.com/
http://str0.creacast.com:900/listen.pls
http://players.creacast.com/creacast/accent4/playlist.pls
http://www.activradio.com/
http://www.activradio.com/component/popupStream/ecouteSaintTienne.m3u
http://www.activradio.com/
http://www.activradio.com/component/popupStream/ecouteRoanne.m3u
http://www.adofm.fr/
http://broadcast.infomaniak.ch/start-adofm-high.mp3.m3u
http://www.africa1.com/
http://african1paris.ice.infomaniak.ch/african1paris-128.mp3.m3u
http://www.agorafm.com/
http://37.59.53.200:8013/listen.pls?sid=1
http://www.alouette.fr/
http://www.alouette.fr/alouette.m3u
http://www.alouette.fr/alouette_aac.m3u
http://www.alpes1.com/
http://broadcast.infomaniak.ch/alpes1grenoble-high.mp3.m3u
http://www.alpes1.com/
http://broadcast.infomaniak.ch/alpes1gap-high.mp3.m3u
http://www.alta-frequenza.com/
http://str80.streamakaci.com:7020/listen.pls
http://www.alternantesfm.net/
http://diffusion.lafrap.fr/alternantes.mp3.m3u
http://www.arlfm.com/
http://www.tv-radio.com/station/arl/arl.m3u
http://www.arvorigfm.com/
http://arvorig-fm.online.stalig.net/live.mp3.m3u
http://arvorig-fm.online.stalig.net/live-ori.ogg.m3u
http://www.atomicfm.fr/
http://www.atomicfm.fr/Atomic.m3u
http://www.autorouteinfo.fr/
http://media.autorouteinfo.fr:8000/direct_nord.mp3.m3u
http://www.autorouteinfo.fr/
http://media.autorouteinfo.fr:8000/direct_sud.mp3.m3u
http://radio-aypfm.com/
http://radioayp.streamakaci.com/listen.pls
http://www.azur-fm.com/
http://sv3.vestaradio.com:4220/listen.pls
http://www.radiobfm.com/
http://www.listenlive.eu/bfm.m3u
http://www.bacfm.fr/
http://bacfm.net:8000/bacfm.m3u
http://www.beaubfm.org
http://www.tv-radio.com/station/beaub/beaub.m3u
http://www.beurfm.net/
http://broadcast.infomaniak.ch/beurfm-high.mp3.m3u
http://www.bpmlaradio.com/
http://str20.creacast.com/bpm.m3u
http://www.california101radio.com/
http://www.california101radio.com/california101.pls
http://www.campusfm.fr/
http://live.radio-campus.org:8000/toulouse.m3u
http://www.canalb.fr/
http://stream.levillage.org/canalb.m3u
http://www.canalfm.fr/
http://www.listenlive.eu/canalfmhd.m3u
http://www.canalsud.net/
http://www.listenlive.eu/canalsud.m3u
http://www.catalognenord.com/
http://www.tv-radio.com/station/catalogne_nord/catalogne_nord.m3u
http://www.champagnefm.com/
http://champagnefm.ice.infomaniak.ch/champagnefm-128-marne.mp3.m3u
http://www.champagnefm.com/
http://champagnefmaube.ice.infomaniak.ch/champagnefm-128-aube.mp3.m3u
http://www.champagnefm.com/
http://champagnefmardennes.ice.infomaniak.ch/champagnefm-128-ardennes.mp3.m3u
http://www.champagnefm.com/
http://champagnefmaisne.ice.infomaniak.ch/champagnefm-128-aisne.mp3.m3u
http://www.chantefrance.com/
http://stream1.chantefrance.com/Chante_France.m3u
http://www.cheriefm.fr/
http://www.listenlive.eu/fr_cheriefm.m3u
http://www.classicandjazz.net/
http://classicandjazz.ice.infomaniak.ch/classicandjazz-128.mp3.m3u
http://www.cocktailfm.com/
http://91.121.62.121:7450/listen.pls
http://www.collines-laradio.fr
http://www.tv-radio.com/station/collines/collines.m3u
http://www.contactfm.com/
http://statslive.infomaniak.ch/playlist/radio-contact/radio-contact-high.mp3/playlist.pls
http://www.corsicaradio.com/
http://92.243.25.139:9000/listen.pls
http://www.cristalfm.org/
http://cristalfm.no-ip.biz:8000/listen.pls
http://radio-decibel.fr/
http://88.191.128.150:8004/decibel.mp3.m3u
http://www.deltafm.fr/
http://broadcast.infomaniak.ch/deltafmdunkerque-high.mp3.m3u
http://broadcast.infomaniak.ch/deltafmdunkerque-high.aac.m3u
http://www.deltafm.fr/
http://broadcast.infomaniak.ch/deltafmsaintomer-high.mp3.m3u
http://broadcast.infomaniak.ch/deltafmsaintomer-high.aac.m3u
http://www.deltafm.fr/
http://broadcast.infomaniak.ch/deltafmboulogne-high.mp3.m3u
http://broadcast.infomaniak.ch/deltafmboulogne-high.aac.m3u
http://www.radiodirect.net/
http://stream.devclic.net:8200/listen.pls
http://www.divergence-fm.org/
http://stream.divergence-fm.org:8000/divergence.mp3.m3u
http://www.radioefm.fr/
http://broadcast.infomaniak.ch/radioefm-high.mp3.m3u
http://www.emergence-fm.com/
http://live140.impek.com:9976/listen.pls
http://www.enjoy33.fr/
http://radiotrg.ice.infomaniak.ch/radiotrg-high.mp3.m3u
http://www.radio-estfm.com/
http://players.creacast.com/creacast/estfm/playlist.pls
http://www.europe1.fr/
http://www.listenlive.eu/europe1.m3u
http://www.evasionfm.com/
http://www.listenlive.eu/evasionfm.m3u
http://www.fcradio.fr/
http://broadcast.infomaniak.ch/fcradio-128.mp3.m3u
http://www.flashfm.fr/
http://live140.impek.com:8000/listen.pls
http://www.florfm.com/
http://stream.florfm.com:8000/florfm.m3u
http://www.fmcradio.fr/
http://www.fmcradio.fr/module/radio/fmc_haut_debit.m3u
http://www.forum.fr/
http://broadcast.infomaniak.ch/start-forum-high.mp3.m3u
http://www.radiofrancemaghreb.com/
http://broadcast.infomaniak.ch/francemaghreb-high.mp3.m3u
http://www.frequence3.fr/
http://ice.stream.frequence3.net/frequence3-128.mp3.m3u
http://www.frequence3.fr/
http://ice.stream.frequence3.net/frequence3ac-128.mp3.m3u
http://www.frequence3.fr/
http://ice.stream.frequence3.net/frequence3urban-128.mp3.m3u
http://www.frequencegrandslacs.fr/
http://players.creacast.com/creacast/fgl/playlist.pls
http://www.frequencehorizon.com/
http://broadcast.infomaniak.ch/frequencehorizon-high.mp3.m3u
http://www.frequenceluz.com/
http://www.frequenceluz.com:8000/mobile.m3u
http://www.frequencemetz.fr/
http://www.frequencemetz.fr/listen/high.m3u
http://www.rfpp.net/
http://giss.tv:8000/streamfpp.mp3.m3u
http://www.frequenceplusfm.com/
http://broadcast.infomaniak.ch/playlists/freqplus-high.mp3.m3u
http://www.frequence-sille.org/
http://www.streamakaci.com/radios/frequencesille.m3u
http://www.frequenceterre.com/
http://players.creacast.com/creacast/f_terre/playlist.pls
http://www.fugifm.fr/
http://62.161.48.48:8000/stream.mp3.m3u
http://www.funradio.fr/
http://streaming.radio.funradio.fr/fun-1-44-128.m3u
http://www.galaxiefm.com/
http://91.121.22.39:8010/listen.pls
http://www.generationsfm.com/
http://broadcast.infomaniak.ch/generationfm-high.mp3.m3u
http://www.generationsfm.com/
http://broadcast.infomaniak.net/generationfm-slowjam-high.mp3.m3u
http://www.generationsfm.com/
http://broadcast.infomaniak.net/generationfm-rap-high.mp3.m3u
http://www.generationsfm.com/
http://broadcast.infomaniak.net/generationfm-underground-high.mp3.m3u
http://www.generationsfm.com/
http://broadcast.infomaniak.net/generations-caraibes-high.mp3.m3u
http://www.goldfm.fr/
http://www.listenlive.eu/goldfmbordeaux.m3u
http://www.grafficfm.fr/
http://streaming.aorus.fr:8200/listen.pls
http://www.hagfm.fr/
http://www.streamakaci.com/radios/hagfmmp3.m3u
http://www.streamakaci.com/radios/hagfm.m3u
http://www.happyfm.com/
http://happyfm.08informatique.com:8010/listen.pls
http://www.helenefm.com/
http://broadcast.infomaniak.ch/helenefm-low.mp3.m3u
http://broadcast.infomaniak.ch/helenefm-high.mp3.m3u
http://www.hit-sport.fr/
http://broadcast.infomaniak.ch/hit-sport-low.mp3.m3u
http://broadcast.infomaniak.ch/hit-sport-high.mp3.m3u
http://www.hitwest.com/
http://broadcast.infomaniak.ch/hitwest-high.mp3.m3u
http://www.hotmixradio.fr/
http://www.hotmixradio.fr/hotmix.m3u
http://www.hotmixradio.fr/
http://www.hotmixradio.fr/hotmixhit.m3u
http://www.hotmixradio.fr/
http://www.hotmixradio.fr/hotmixrock.m3u
http://www.hotmixradio.fr/
http://www.hotmixradio.fr/hotmix80.m3u
http://www.hotmixradio.fr/
http://www.hotmixradio.fr/hotmix90.m3u
http://www.hotmixradio.fr/
http://www.hotmixradio.fr/funky.m3u
http://www.hotradio.fr/
http://st5.hotradio.fr:8062/listen.pls
http://www.hotradio.fr/
http://st5.hotradio.fr:8072/listen.pls
http://www.hotradio.fr/
http://st5.hotradio.fr:8052/listen.pls
http://www.idfm98.fr/
http://idfm98.fr/live/idfm_m3u_hq.m3u
http://www.impactfm.fr/
http://broadcast.infomaniak.ch/impactfm-128.mp3.m3u
http://www.isabellefm.com/
http://80.13.146.243:8000/listen.pls
http://www.jazzradio.fr/
http://www.listenlive.eu/jazzradio.m3u
http://www.jazzradio.fr/
http://broadcast.infomaniak.ch/jazz-wr01-128.mp3.m3u
http://www.jazzradio.fr/
http://broadcast.infomaniak.ch/jazz-wr02-128.mp3.m3u
http://www.jazzradio.fr/
http://broadcast.infomaniak.ch/jazz-wr03-128.mp3.m3u
http://www.jazzradio.fr/
http://broadcast.infomaniak.ch/jazz-wr04-128.mp3.m3u
http://www.jazzradio.fr/
http://broadcast.infomaniak.ch/jazz-wr05-128.mp3.m3u
http://www.jazzradio.fr/
http://broadcast.infomaniak.ch/jazz-wr06-128.mp3.m3u
http://www.jazzradio.fr/
http://broadcast.infomaniak.ch/jazz-wr07-128.mp3.m3u
http://www.jazzradio.fr/
http://broadcast.infomaniak.ch/jazz-wr08-128.mp3.m3u
http://www.jazzradio.fr/
http://jazz-wr09.ice.infomaniak.ch/jazz-wr09-128.mp3.m3u
http://www.jazzradio.fr/
http://broadcast.infomaniak.ch/jazz-wr10-128.mp3.m3u
http://www.jazzradio.fr/
http://broadcast.infomaniak.ch/jazz-wr12-128.mp3.m3u
http://www.jazzradio.fr/
http://broadcast.infomaniak.ch/jazzblackmusic-high.mp3.m3u
http://www.jazzradio.fr/
http://broadcast.infomaniak.ch/jazzblues-high.mp3.m3u
http://www.jazzradio.fr/
http://broadcast.infomaniak.ch/jazzladiescrooners-high.mp3.m3u
http://www.jazzradio.fr/
http://broadcast.infomaniak.ch/jazzlounge-high.mp3.m3u
http://www.jazzradio.fr/
http://jazz-wr15.ice.infomaniak.ch/jazz-wr15-128.mp3.m3u
http://www.jazzradio.fr/
http://jazz-wr18.ice.infomaniak.ch/jazz-wr18-128.mp3.m3u
http://www.jazzradio.fr/
http://reprises.ice.infomaniak.ch/reprises-high.mp3.m3u
http://www.jazzradio.fr/
http://jazz-wr16.ice.infomaniak.ch/jazz-wr16-128.mp3.m3u
http://www.jazzradio.fr/
http://jazz-wr17.ice.infomaniak.ch/jazz-wr17-128.mp3.m3u
http://www.jazzradio.fr/
http://jazz-wr12.ice.infomaniak.ch/jazz-wr12-128.mp3.m3u
http://www.jazzradio.fr/
http://jazz-wr14.ice.infomaniak.ch/jazz-wr14-128.mp3.m3u
http://www.jazzradio.fr/
http://jazz-wr13.ice.infomaniak.ch/jazz-wr13-128.mp3.m3u
http://www.k6fm.com/
http://k6fm.ice.infomaniak.ch/playlists/k6fm-64.aac.m3u
http://www.kernews.com/
http://statslive.infomaniak.ch/playlist/kernews/kernews-128.aac/playlist.m3u
http://www.kissfm.fr/
http://www.tv-radio.com/station/kissfm-mp3/kissfm-mp3-128k.pls
http://www.kissfm.fr/
kissfmdance.m3u
http://www.acoustiqueradio.fr/
http://91.121.29.128:8072/listen.pls
http://www.lalaradio.com/
http://broadcast.infomaniak.ch/lalaradio-high.mp3.m3u
http://www.laradioplus.com/
http://broadcast.infomaniak.ch/laradioplus-high.mp3.m3u
http://www.linasjazz.net/
http://154.43.33.106/linasjazz.mp3.m3u
http://www.live9.fr/
http://www.live9.fr/ecoute/192.m3u
http://www.lorfm.com/
http://players.creacast.com/creacast/lorfm/playlist.m3u
http://www.lyonpremiere.com/
http://broadcast.infomaniak.ch/lyon1ere-high.mp3.m3u
http://www.m2radio.fr/m2-hit
http://www.m2radio.fr/pls/m2hit.m3u
http://www.m2radio.fr/m2-club
http://www.m2radio.fr/pls/m2club.m3u
http://www.m2radio.fr/m2-love
http://www.m2radio.fr/pls/m2love.m3u
http://www.m2radio.fr/m2-rock
http://www.m2radio.fr/pls/m2rock.m3u
http://www.m2radio.fr/m2-sunshine
http://www.m2radio.fr/pls/m2sunshine.m3u
http://www.m2radio.fr/m2-funk
http://www.m2radio.fr/pls/m2funk.m3u
http://www.m2radio.fr/m2-80
http://www.m2radio.fr/pls/m280.m3u
http://www.m2radio.fr/m2-90
http://www.m2radio.fr/pls/m290.m3u
http://www.m2radio.fr/m2-chillout
http://www.m2radio.fr/pls/m2chillout.m3u
http://www.m2radio.fr/m2-classic
http://www.m2radio.fr/pls/m2classic.m3u
http://www.m2radio.fr/m2-jazz
http://www.m2radio.fr/pls/m2jazz.m3u
http://www.m2radio.fr/m2-caliente
http://www.m2radio.fr/pls/m2caliente.m3u
http://www.magic-radio.net/
http://www.magic-radio.net/stream192k.m3u
http://www.magic-radio.net/ogg.m3u
http://www.magic-radio.net/aacp.m3u
http://www.magnumlaradio.com/
http://players.creacast.com/creacast/magnum/playlist.pls
http://www.melodiefm.net/
http://www.melodiefm.net/live.m3u
http://www.melody29.com/
http://178.33.253.144:6010/listen.pls
http://www.metropolys.com/
http://www.tv-radio.com/station/rocfm-mp3/rocfm-mp3-128k.m3u
http://www.mfm.fr/
http://mfm.ice.infomaniak.ch/playlists/mfm-128.mp3.m3u
http://mfm.ice.infomaniak.ch/playlists/mfm-64.aac.m3u
http://www.mfm.fr/
http://mfm-wr3.ice.infomaniak.ch/playlists/mfm-wr3-128.mp3.m3u
http://mfm-wr3.ice.infomaniak.ch/playlists/mfm-wr3-64.aac.m3u
http://www.mfm.fr/
http://mfm-wr2.ice.infomaniak.ch/playlists/mfm-wr2-128.mp3.m3u
http://mfm-wr2.ice.infomaniak.ch/playlists/mfm-wr2-64.aac.m3u
http://www.mfm.fr/
http://mfm-wr4.ice.infomaniak.ch/playlists/mfm-wr4-64.mp3.m3u
http://mfm-wr4.ice.infomaniak.ch/playlists/mfm-wr4-64.aac.m3u
http://www.mistralfm.fr/
http://broadcast.infomaniak.ch/mistralfm-high.mp3.m3u
http://www.radio-mix.com/
http://sv3.vestaradio.com:4520/listen.pls
http://www.monafm.fr/
http://broadcast.infomaniak.ch/monafm-low.mp3.m3u
http://broadcast.infomaniak.ch/monafm-high.mp3.m3u
http://www.montagnefm.com/
http://gisv3.tv-radio.com/station/montagne/montagne.m3u
http://www.radiomti.com/
http://stream2.radiomti.net:9800/radiomti.mp3.m3u
http://www.musicboxtv.com/
http://www.musicboxtv.com:8000/live.m3u
http://www.niceradio.fr/
http://niceradio.stream.ideocast.fr:8000/niceradio.mp3.m3u
http://www.nostalgie.fr/
http://www.listenlive.eu/fr_nostalgie.m3u
http://www.nrj.fr/
http://www.listenlive.eu/fr_nrj.m3u
http://www.o2radio.net/
http://91.121.176.26:7900/listen.pls
http://www.oceanefm.com/
http://www.listenlive.eu/oceanefm.m3u
http://www.odsradio.com/
http://broadcast.infomaniak.ch/ods-high.mp3.m3u
http://www.centpourcent.com/
http://www.listenlive.eu/centpourcent.m3u
http://www.ouestfm.fr/
http://broadcast.infomaniak.ch/ouestfm-high.mp3.m3u
http://www.ouifm.fr/
http://broadcast.infomaniak.ch/ouifm-high.mp3.m3u
http://www.ouifm.fr/
http://broadcast.infomaniak.net/ouifm2.mp3.m3u
http://www.ouifm.fr/
http://ouifm3.ice.infomaniak.ch/ouifm3.mp3.m3u
http://www.ouifm.fr/
http://ouifm3.ice.infomaniak.ch/ouifm4.mp3.m3u
http://www.ouifm.fr/
http://ouifm3.ice.infomaniak.ch/ouifm5.mp3.m3u
http://www.paris-one.com/
http://listen.radionomy.com/parisoneclub.pls
http://www.paris-one.com/
http://listen.radionomy.com/parisonereverse.pls
http://www.paris-one.com/
http://listen.radionomy.com/parisonedeeper.pls
http://www.paris-one.com/
http://listen.radionomy.com/parisonetrance.pls
http://www.paris-one.com/
http://listen.radionomy.com/parisonedance.pls
http://www.perrinefm.com/
http://broadcast.infomaniak.ch/perrinefm-low.mp3.m3u
http://broadcast.infomaniak.ch/perrinefm-high.mp3.m3u
http://www.pharefm.com/
http://str0.creacast.com/pharefm.m3u
http://www.pharefm.com/
http://str0.creacast.com/pharefmhits.m3u
http://www.pharefm.com/
http://str30.creacast.com/pharefmlive.m3u
http://www.picfm.com/
http://www.streamakaci.com/radios/picfm.m3u
http://www.planetefm.net/
http://planetefm.ice.infomaniak.ch/planetefm-64.aac.m3u
http://www.plusfm.com/
http://194.206.248.215:8000/listen.pls
http://www.pulsradio.com/
http://www.pulsradio.com/pls/puls-adsl.m3u
http://www.radio6.fr/
http://www.listenlive.eu/radio6calais.m3u
http://www.radio6.fr/
http://www.listenlive.eu/radio6boulogne.m3u
http://www.radio6.fr/
http://www.listenlive.eu/radio6montreuil.m3u
http://www.radio6.fr/
http://www.listenlive.eu/radio6dunkerque.m3u
http://www.radio74.org/
http://broadcast.infomaniak.ch/radio74-low.mp3.m3u
http://broadcast.infomaniak.ch/radio74-high.mp3.m3u
http://www.radio8fm.com/
http://stream-input.live.tv-radio.com:9452/listen.pls
http://www.radio-albatros.com/
http://stream.inovacast.fr:7601/stream.m3u
http://www.radioalfa.net/
http://91.121.160.48:8050/listen.pls
http://www.ram72.net/
http://www.streamakaci.com/radios/ram72.m3u
http://www.ram05.fr/
http://91.121.62.121:8310/listen.pls
http://www.radioarcenciel.com/
http://ecoute.radioarcenciel.com:8000/listen.pls
http://www.arrels.net/
http://stream.franclr.fr:8000/radioarrels.m3u
http://www.radioarverne.com/
http://radioarverne.ice.infomaniak.ch/arverne.mp3.m3u
http://www.radioatlantis.fr/
http://www.radioatlantis.fr:8000/listen.pls
http://www.attitudefm.com/
http://178.32.222.164:8002/listen.pls?sid=1
http://www.radio-aviva.com/
http://stream.franclr.fr:8000/radioaviva.m3u
http://www.radioazur.com/
http://players.creacast.com/creacast/radioazur/playlist.pls
http://www.radiobonheur.com/
http://www.tv-radio.com/station/bonheur/bonheur.m3u
http://www.radiobn.com/
http://www.listenlive.eu/rbn.m3u
http://www.radioboomerang.com/
http://109.190.81.136:8000/radioboomerang.mp3.m3u
http://radio.bro.gwened.free.fr/
http://rbg.online.stalig.net/live.mp3.m3u
http://www.radiobruaysis.com/
http://radiobruaysis.ice.infomaniak.ch/playlists/radiobruaysis-128.mp3.m3u
http://www.radiobrume.fr/
http://live140.impek.com:9974/listen.pls
http://www.radiocampusamiens.com/
http://serv.samuelvermeulen.net:8000/stream_rca1.m3u
http://www.radiocampusangers.com/
http://www.radiocampusangers.com:8000/rca.m3u
http://www.bordeaux.radio-campus.org/
http://www.radiocampus.fr:8000/campus-bordeaux.m3u
http://www.campusgrenoble.org/
http://live.campusgrenoble.org:9000/rcg112.m3u
http://www.campuslille.com/
http://radiocampuslille.ice.infomaniak.ch/radiocampuslille-128.m3u
http://www.orleans.radio-campus.org/
http://orleans.radiocampus.org:8000/stream_rco.m3u
http://www.radiocampusparis.org/
http://www.radiocampusparis.org:8000/stream_rcp.m3u
http://www.radiocampusrennes.fr/
http://stream.radiocampusrennes.fr:8001/rcr.m3u
http://www.radiocaroline.eu/
http://88.191.128.150:8000/caroline.mp3.m3u
http://www.radiocean.com/
http://stream.08informatique.com:8004/listen.pls
http://www.radio-cigogne.com/
http://stream.radio-cigogne.com:8000/cigogne.m3u
http://www.radioclassique.fr/
http://players.creacast.com/creacast/classique/playlist.pls
http://www.radiocourchevel.com/
http://radiocourchevel.doubleclic.fr:8888/listen.pls
http://www.radiocourtoisie.net/
http://www.tv-radio.com/station/courtoisie/courtoisie.m3u
http://www.radiocraponne.com/
http://radio-shoutcast.cyber-streaming.com:8010/listen.pls
http://www.maradiocristal.com/
http://broadcast.infomaniak.ch/radiocristal-high.mp3.m3u
http://www.radio-cultures-dijon.com/
http://manager.radioking.fr:2199/tunein/radiocul.pls
http://www.laradiodelamer.com/
http://radiomer.ice.infomaniak.ch/playlists/radiomer-128.mp3.m3u
http://www.dijon.radio-campus.org/
http://193.52.238.101:8082/dijoncampus.mp3.m3u
http://www.radioemotion.fr/
http://www.listenlive.eu/emotion.m3u
http://www.radioespace.com/
http://broadcast.infomaniak.ch/radioespace-high.mp3.m3u
http://www.radioespace.com/
http://espace-dancefloor.ice.infomaniak.ch/espace-dancefloor-high.mp3.m3u
http://www.radioespace.com/
http://espace-vintage.ice.infomaniak.ch/espace-vintage-high.mp3.m3u
http://www.radioespace.com/
http://espace-disco.ice.infomaniak.ch/espace-disco-high.mp3.m3u
http://www.radioespace.com/
http://espace100.ice.infomaniak.ch/espace100-high.mp3.m3u
http://www.radioevasion.org/
http://www.radioevasion.org/live128k.m3u
http://www.radiofg.com/
http://www.radiofg.com/streams/fg.pls
http://radiofg.impek.com/fg64.aac.m3u
http://www.radiofg.com/
http://www.radiofg.com/streams/fgu.pls
http://www.radiofg.com/
http://radiofg.impek.com/fgc.m3u
http://radiofg.impek.com/fgc64.aac.m3u
http://www.radiofg.com/
http://radiofg.impek.com/fg6.m3u
http://radiofg.impek.com/fg664.aac.m3u
http://www.radiofg.com/
http://radiofg.impek.com/fgd.m3u
http://radiofg.impek.com/fgd64.aac.m3u
http://www.radiofg.com/
http://radiofg.impek.com/fge64.mp3.m3u
http://radiofg.impek.com/fge64.aac.m3u
http://www.radiofg.com/
http://radiofg.impek.com/fgv.m3u
http://www.radiofm43.com/
http://fm43.ice.infomaniak.ch/fm43-64.aac.m3u
http://www.radio-fmr.net/
http://giss.tv:8000/fmr.ogg.m3u
http://www.radio-g.org/
http://80.82.229.202/radiog.mp3.m3u
http://www.radiogalaxie.com/
http://radiogalaxie.ice.infomaniak.ch/playlists/radiogalaxie-64.aac.m3u
http://www.radiogrenouille.com/
http://live.radiogrenouille.com/live.m3u
http://www.hauteangevine.com/
http://str30.creacast.com/radio_haute_angevine.m3u
http://www.icietmaintenant.com/
http://radio.rim952.fr:8002/stream3.mp3.m3u
http://radio.rim952.fr:8000/stream.mp3.m3u
http://radio.rim952.fr:8001/stream.ogg.m3u
http://www.radiodici.com/
http://live.francra.org:8000/Radiodici.m3u
http://radioinside.fr/
http://serveur-webradio.com/listen/listen-9070.m3u
http://www.rjrradio.fr/
http://stream.08informatique.com:8008/listen.pls
http://www.radiorjl.com/
http://broadcast.infomaniak.ch/judaica-low.mp3.m3u
http://broadcast.infomaniak.ch/judaica-high.mp3.m3u
http://radiokerne.antourtan.org/
http://www.antourtan.org:8000/live-kerne.mp3.m3u
http://www.radiolaser.fr/
http://217.128.133.215:8000/stream.mp3.m3u
http://www.latina.fr/
http://broadcast.infomaniak.net/start-latina-high.mp3.m3u
http://rl.federation-anarchiste.org/
http://ecoutez.radio-libertaire.org:8080/radiolib.m3u
http://ecoutez.radio-libertaire.org:8080/radiolib-modem.m3u
http://www.radiolodeve.com/
http://stream.franclr.fr:8000/radiolodeve.m3u
http://www.maritima.info/radio/
http://str81.streamakaci.com:6950/listen.pls
http://www.radiomelodie.com/
http://str2.creacast.com/melodie.m3u
http://www.radiomenergy.fr/
http://www.listenlive.eu/radiomenergy.m3u
http://www.radio-montaillou.com/
http://www.tv-radio.com/station/montaillou/montaillou.m3u
http://www.radiomontblanc.fr/
http://stream-input.live.tv-radio.com:9054/listen.pls
http://www.radiomontblanc.fr/
http://stream-input.live.tv-radio.com:9426/listen.pls
http://www.radiomontblanc.fr/
http://stream-input.live.tv-radio.com:9496/listen.pls
http://www.radiomontblanc.fr/
http://stream-input.live.tv-radio.com:9312/listen.pls
http://www.rnm-aude.com/
http://players.creacast.com/creacast/radio_narbonne/playlist.m3u
http://www.radio-neptune.net/
http://icecast.infini.fr:8000/neptune.m3u
http://www.radioneo.org/
http://stream.radioneo.org:8000/listen.pls
http://www.radionordbretagne.com/
http://www.streamakaci.com/radios/nordbretagne.m3u
http://www.radionotredame.com/
http://stream2.radionotredame.com/RadioNotreDame.mp3.m3u
http://www.novaplanet.com/
http://broadcast.infomaniak.ch/radionova-high.mp3.m3u
http://www.radionti.com/
http://www.tv-radio.com/station/nti-mp3/nti-mp3-128k.pls
http://www.radiono1.fr/
http://radiono1.ice.infomaniak.ch/radiono1-128.mp3.m3u
http://www.radio-occitania.com/
http://82.224.106.32:8000/stream.mp3.m3u
http://www.radioxygene.fr/
http://live.radiooxygene.fr:7710/listen.pls
http://rpa.cabanova.fr/
http://sv3.vestaradio.com:4420/listen.pls
http://www.radio-plus.fr/
http://broadcast.infomaniak.ch/radioplus-low.mp3.m3u
http://broadcast.infomaniak.net/radioplus-high.mp3.m3u
http://www.radiopresence.com/
http://www.streamakaci.com/radios/radiopresence.m3u
http://www.radioprevert.fr/
http://88.191.151.167:8012/listen.pls
http://www.radiopuisaleine.fr/
http://www.streamakaci.com/radios/radiopuisaleine.m3u
http://www.radiopulse.fr/
http://www.radiopulse.fr/fichiers/pulse90fm.m3u
http://www.radiorva.com/
http://broadcast.infomaniak.ch/rva-high.mp3.m3u
http://www.radioscoop.com/
http://www.listenlive.eu/scooplyon.m3u
http://www.radioscoop.com/
http://www.listenlive.eu/scoopst.m3u
http://www.radioscoop.com/
http://www.listenlive.eu/scoopcl.m3u
http://www.radioscoop.com/
http://www.listenlive.eu/scoopbeb.m3u
http://www.radioscoop.com/
http://stream.radioscoop.com/scoop1.mp3.m3u
http://www.radioscoop.com/
http://stream.radioscoop.com/scoop2.mp3.m3u
http://www.radioscoop.com/
http://stream.radioscoop.com/scoop3.mp3.m3u
http://www.radioscoop.com/
http://stream.radioscoop.com/scoop4.mp3.m3u
http://www.radiostar.fr/
http://players.creacast.com/creacast/radio_star/playlist.pls
http://www.radiosun.fr/
http://radiosun.ice.infomaniak.ch/radiosun-high.mp3.m3u
http://www.radio-transparence.org/
http://stream.levillage.org/transparence.m3u
http://radiou.free.fr/
http://icecast.infini.fr:8000/radiou.mp3.m3u
http://www.radiorbs.com/
http://www4.radiorbs.com:8000/RBS.m3u
http://www.rcf.fr/
http://www.streamakaci.com/radios/rcf.pls
http://www.capsao.com/
http://str2.creacast.com/capsao.m3u
http://www.rfm.fr/
http://www.listenlive.eu/rfm.m3u
http://www.rfm.fr/
http://www.listenlive.eu/rfmcollector.m3u
http://www.rfm.fr/
http://www.listenlive.eu/rfmnightfever.m3u
http://www.rireetchansons.fr/
http://www.listenlive.eu/fr_rire.m3u
http://www.rmcinfo.fr/
http://www.listenlive.eu/rmc.m3u
http://www.rmnfm.fr/
http://www.rmnfm.fr:8000/livermn.mp3.m3u
http://www.rpl-radio.com/
http://91.121.62.121:9800/listen.pls
http://www.rtflimoges.com/
http://live140.impek.com:9962/listen.pls
http://www.rtsfm.com/
http://stream.rtsfm.com:8000/listen.pls
http://www.rtl.fr/
http://streaming.radio.rtl.fr/rtl-1-44-128.m3u
http://www.rtl2.fr/
http://streaming.radio.rtl.fr/rtl2-1-44-128.m3u
http://www.radiorve.com/
http://players.creacast.com/creacast/rve/playlist.pls
http://www.rvm.fr/
http://stream.08informatique.com:8002/listen.pls
http://www.seafm.fr/
http://www.tv-radio.com/station/sea_fm-mp3/sea_fm-mp3-32k.m3u
http://www.skyrock.fm/
http://www.skyrock.fm/stream.php/yourplayer_64.pls
http://www.sol-fm.fr
http://www.streamakaci.com/radios/solfm.m3u
http://www.souvenirsfm.fr/
http://souvenirsfm.bcast.infomaniak.ch/souvenirsfm-128.mp3.m3u
http://www.studiozef.tk/
http://91.121.62.121:9600/listen.pls
http://www.sudradio.fr/
http://broadcast.infomaniak.ch/start-sud-high.mp3.m3u
http://www.lesonunique.com/
http://www.lesonunique.com/sun.m3u
http://www.sweetfm.fr/
http://dedibox-linux.sweetfm.fr:8000/alc.m3u
http://www.swingfm.asso.fr/
http://swingfm.ice.infomaniak.ch/swingfm-128.mp3.m3u
http://www.tendanceouest.com/
http://streaming.tendanceouest.com/tomanche.mp3.m3u
http://www.tendanceouest.com/
http://streaming.tendanceouest.com/tocaen.mp3.m3u
http://www.tendanceouest.com/
http://streaming.tendanceouest.com/nfm.mp3.m3u
http://www.tendanceouest.com/
http://streaming.tendanceouest.com/torouen.mp3.m3u
http://www.radiotopfm.fr/
http://players.creacast.com/creacast/top_fm/playlist.pls
http://www.topmusic.fr/
http://players.creacast.com/creacast/topmusic/playlist.m3u
http://www.radio-totem.net/
http://streaming.radio-totem.net:8000/tarn-et-garonne.m3u
http://www.radio-totem.net/
http://streaming.radio-totem.net:8000/lozere.m3u
http://www.radio-totem.net/
http://streaming.radio-totem.net:8000/herault.m3u
http://www.radio-totem.net/
http://aratotem.ice.infomaniak.ch/correze.mp3.m3u
http://www.radio-totem.net/
http://aratotem.ice.infomaniak.ch/aveyron.mp3.m3u
http://www.toulouse.fm/
http://www.listenlive.eu/toulousefm.m3u
http://www.trianglefm.net/
http://players.creacast.com/creacast/triangle/playlist.pls
http://www.tropiquesfm.com/
http://stream-input.live.tv-radio.com:9448/listen.pls
http://www.tsfjazz.com/
http://statslive.infomaniak.ch/playlist/tsfjazz/tsfjazz-high.mp3/playlist.pls
http://www.onlyrai.com/
http://broadcast.infomaniak.ch/onlyrai-high.mp3.m3u
http://www.valleefm.fr/
http://91.121.103.73:8000/listen.pls
http://www.virageradio.com/
http://broadcast.infomaniak.net/virageradio-high.mp3.m3u
http://www.vfmradio.fr/
http://str31.creacast.com/vfm.m3u
http://www.virginradio.fr/
http://www.listenlive.eu/virginradiofr.m3u
http://www.listenlive.eu/virginradiofr_aac.m3u
http://www.virginradio.fr/
http://www.listenlive.eu/virginfrclassics.m3u
http://www.virginradio.fr/
http://www.listenlive.eu/virginfrnew.m3u
http://www.virginradio.fr/
http://www.listenlive.eu/virginfrelectro.m3u
http://www.virginradio.fr/
http://www.listenlive.eu/virginfrhit.m3u
http://www.virginradio.fr/
http://www.listenlive.eu/virginfrrock.m3u
http://www.radiovitamine.com/
http://radiovitamine.ice.infomaniak.ch/playlists/radiovitamine-128.mp3.m3u
http://radiovitamine.ice.infomaniak.ch/playlists/radiovitamine-64.aac.m3u
http://www.vivrefm.com/
http://relay1.clicknrock.fr:8050/listen.pls
http://www.voltage.fr/
http://start-voltage.ice.infomaniak.ch/playlists/start-voltage-high.mp3.m3u
http://www.witfm.fr/
http://start-witfm.ice.infomaniak.ch/playlists/start-witfm-high.mp3.m3u
